Archive member included to satisfy reference by file (symbol)

D:/MCU-DE~1/MCU_TOOL/13C7F1~1.2RE/bin/../lib/gcc/arm-none-eabi/13.2.1/thumb/v7e-m+fp/hard\libm.a(libm_a-wf_fmod.o)
                              CMakeFiles/26H_Remake.dir/UserLib/QDMotorController.cpp.obj (fmodf)
D:/MCU-DE~1/MCU_TOOL/13C7F1~1.2RE/bin/../lib/gcc/arm-none-eabi/13.2.1/thumb/v7e-m+fp/hard\libm.a(libm_a-s_lround.o)
                              CMakeFiles/26H_Remake.dir/APP/src/Motortest.cpp.obj (lround)
D:/MCU-DE~1/MCU_TOOL/13C7F1~1.2RE/bin/../lib/gcc/arm-none-eabi/13.2.1/thumb/v7e-m+fp/hard\libm.a(libm_a-sf_lround.o)
                              CMakeFiles/26H_Remake.dir/APP/src/CommunicationTask.cpp.obj (lroundf)
D:/MCU-DE~1/MCU_TOOL/13C7F1~1.2RE/bin/../lib/gcc/arm-none-eabi/13.2.1/thumb/v7e-m+fp/hard\libm.a(libm_a-ef_fmod.o)
                              D:/MCU-DE~1/MCU_TOOL/13C7F1~1.2RE/bin/../lib/gcc/arm-none-eabi/13.2.1/thumb/v7e-m+fp/hard\libm.a(libm_a-wf_fmod.o) (__ieee754_fmodf)
D:/MCU-DE~1/MCU_TOOL/13C7F1~1.2RE/bin/../lib/gcc/arm-none-eabi/13.2.1/thumb/v7e-m+fp/hard\libgcc.a(_arm_muldf3.o)
                              CMakeFiles/26H_Remake.dir/APP/src/Motortest.cpp.obj (__aeabi_dmul)
D:/MCU-DE~1/MCU_TOOL/13C7F1~1.2RE/bin/../lib/gcc/arm-none-eabi/13.2.1/thumb/v7e-m+fp/hard\libgcc.a(_arm_addsubdf3.o)
                              CMakeFiles/26H_Remake.dir/APP/src/Motortest.cpp.obj (__aeabi_f2d)
D:/MCU-DE~1/MCU_TOOL/13C7F1~1.2RE/bin/../lib/gcc/arm-none-eabi/13.2.1/thumb/v7e-m+fp/hard\libgcc.a(_arm_fixdfsi.o)
                              D:/MCU-DE~1/MCU_TOOL/13C7F1~1.2RE/bin/../lib/gcc/arm-none-eabi/13.2.1/thumb/v7e-m+fp/hard\libm.a(libm_a-s_lround.o) (__aeabi_d2iz)
D:/MCU-DE~1/MCU_TOOL/13C7F1~1.2RE/bin/../lib/gcc/arm-none-eabi/13.2.1/thumb/v7e-m+fp/hard\libgcc.a(_aeabi_uldivmod.o)
                              cmake/stm32cubemx/CMakeFiles/STM32_Drivers.dir/__/__/Drivers/STM32F4xx_HAL_Driver/Src/stm32f4xx_hal_rcc.c.obj (__aeabi_uldivmod)
D:/MCU-DE~1/MCU_TOOL/13C7F1~1.2RE/bin/../lib/gcc/arm-none-eabi/13.2.1/thumb/v7e-m+fp/hard\libgcc.a(_udivmoddi4.o)
                              D:/MCU-DE~1/MCU_TOOL/13C7F1~1.2RE/bin/../lib/gcc/arm-none-eabi/13.2.1/thumb/v7e-m+fp/hard\libgcc.a(_aeabi_uldivmod.o) (__udivmoddi4)
D:/MCU-DE~1/MCU_TOOL/13C7F1~1.2RE/bin/../lib/gcc/arm-none-eabi/13.2.1/thumb/v7e-m+fp/hard\libgcc.a(_dvmd_tls.o)
                              D:/MCU-DE~1/MCU_TOOL/13C7F1~1.2RE/bin/../lib/gcc/arm-none-eabi/13.2.1/thumb/v7e-m+fp/hard\libgcc.a(_aeabi_uldivmod.o) (__aeabi_ldiv0)
D:/MCU-DE~1/MCU_TOOL/13C7F1~1.2RE/bin/../lib/gcc/arm-none-eabi/13.2.1/thumb/v7e-m+fp/hard\libg_nano.a(libc_a-exit.o)
                              D:/MCU-DE~1/MCU_TOOL/13C7F1~1.2RE/bin/../lib/gcc/arm-none-eabi/13.2.1/thumb/v7e-m+fp/hard/crt0.o (exit)
D:/MCU-DE~1/MCU_TOOL/13C7F1~1.2RE/bin/../lib/gcc/arm-none-eabi/13.2.1/thumb/v7e-m+fp/hard\libg_nano.a(libc_a-strtod.o)
                              CMakeFiles/26H_Remake.dir/APP/src/DebugTask.cpp.obj (strtof)
D:/MCU-DE~1/MCU_TOOL/13C7F1~1.2RE/bin/../lib/gcc/arm-none-eabi/13.2.1/thumb/v7e-m+fp/hard\libg_nano.a(libc_a-findfp.o)
                              D:/MCU-DE~1/MCU_TOOL/13C7F1~1.2RE/bin/../lib/gcc/arm-none-eabi/13.2.1/thumb/v7e-m+fp/hard\libg_nano.a(libc_a-exit.o) (__stdio_exit_handler)
D:/MCU-DE~1/MCU_TOOL/13C7F1~1.2RE/bin/../lib/gcc/arm-none-eabi/13.2.1/thumb/v7e-m+fp/hard\libg_nano.a(libc_a-fwalk.o)
                              D:/MCU-DE~1/MCU_TOOL/13C7F1~1.2RE/bin/../lib/gcc/arm-none-eabi/13.2.1/thumb/v7e-m+fp/hard\libg_nano.a(libc_a-findfp.o) (_fwalk_sglue)
D:/MCU-DE~1/MCU_TOOL/13C7F1~1.2RE/bin/../lib/gcc/arm-none-eabi/13.2.1/thumb/v7e-m+fp/hard\libg_nano.a(libc_a-stdio.o)
                              D:/MCU-DE~1/MCU_TOOL/13C7F1~1.2RE/bin/../lib/gcc/arm-none-eabi/13.2.1/thumb/v7e-m+fp/hard\libg_nano.a(libc_a-findfp.o) (__sread)
D:/MCU-DE~1/MCU_TOOL/13C7F1~1.2RE/bin/../lib/gcc/arm-none-eabi/13.2.1/thumb/v7e-m+fp/hard\libg_nano.a(libc_a-vsnprintf.o)
                              CMakeFiles/26H_Remake.dir/Hardware/Serial.c.obj (vsnprintf)
D:/MCU-DE~1/MCU_TOOL/13C7F1~1.2RE/bin/../lib/gcc/arm-none-eabi/13.2.1/thumb/v7e-m+fp/hard\libg_nano.a(libc_a-memset.o)
                              D:/MCU-DE~1/MCU_TOOL/13C7F1~1.2RE/bin/../lib/gcc/arm-none-eabi/13.2.1/thumb/v7e-m+fp/hard/crt0.o (memset)
D:/MCU-DE~1/MCU_TOOL/13C7F1~1.2RE/bin/../lib/gcc/arm-none-eabi/13.2.1/thumb/v7e-m+fp/hard\libg_nano.a(libc_a-strncmp.o)
                              D:/MCU-DE~1/MCU_TOOL/13C7F1~1.2RE/bin/../lib/gcc/arm-none-eabi/13.2.1/thumb/v7e-m+fp/hard\libg_nano.a(libc_a-strtod.o) (strncmp)
D:/MCU-DE~1/MCU_TOOL/13C7F1~1.2RE/bin/../lib/gcc/arm-none-eabi/13.2.1/thumb/v7e-m+fp/hard\libg_nano.a(libc_a-strtok.o)
                              CMakeFiles/26H_Remake.dir/APP/src/DebugTask.cpp.obj (strtok)
D:/MCU-DE~1/MCU_TOOL/13C7F1~1.2RE/bin/../lib/gcc/arm-none-eabi/13.2.1/thumb/v7e-m+fp/hard\libg_nano.a(libc_a-strtok_r.o)
[...]
Memory Configuration

Name             Origin             Length             Attributes
RAM              0x20000000         0x00020000         xrw
CCMRAM           0x10000000         0x00010000         xrw
FLASH            0x08000000         0x00100000         xr
*default*        0x00000000         0xffffffff

Linker script and memory map

LOAD D:/MCU-DE~1/MCU_TOOL/13C7F1~1.2RE/bin/../lib/gcc/arm-none-eabi/13.2.1/thumb/v7e-m+fp/hard/crti.o
LOAD D:/MCU-DE~1/MCU_TOOL/13C7F1~1.2RE/bin/../lib/gcc/arm-none-eabi/13.2.1/thumb/v7e-m+fp/hard/crtbegin.o
LOAD D:/MCU-DE~1/MCU_TOOL/13C7F1~1.2RE/bin/../lib/gcc/arm-none-eabi/13.2.1/thumb/v7e-m+fp/hard/crt0.o
LOAD cmake/stm32cubemx/CMakeFiles/STM32_Drivers.dir/__/__/Core/Src/system_stm32f4xx.c.obj
LOAD cmake/stm32cubemx/CMakeFiles/STM32_Drivers.dir/__/__/Drivers/STM32F4xx_HAL_Driver/Src/stm32f4xx_hal_can.c.obj
LOAD cmake/stm32cubemx/CMakeFiles/STM32_Drivers.dir/__/__/Drivers/STM32F4xx_HAL_Driver/Src/stm32f4xx_hal_rcc.c.obj
LOAD cmake/stm32cubemx/CMakeFiles/STM32_Drivers.dir/__/__/Drivers/STM32F4xx_HAL_Driver/Src/stm32f4xx_hal_rcc_ex.c.obj
LOAD cmake/stm32cubemx/CMakeFiles/STM32_Drivers.dir/__/__/Drivers/STM32F4xx_HAL_Driver/Src/stm32f4xx_hal_flash.c.obj
LOAD cmake/stm32cubemx/CMakeFiles/STM32_Drivers.dir/__/__/Drivers/STM32F4xx_HAL_Driver/Src/stm32f4xx_hal_flash_ex.c.obj
LOAD cmake/stm32cubemx/CMakeFiles/STM32_Drivers.dir/__/__/Drivers/STM32F4xx_HAL_Driver/Src/stm32f4xx_hal_flash_ramfunc.c.obj
LOAD cmake/stm32cubemx/CMakeFiles/STM32_Drivers.dir/__/__/Drivers/STM32F4xx_HAL_Driver/Src/stm32f4xx_hal_gpio.c.obj
LOAD cmake/stm32cubemx/CMakeFiles/STM32_Drivers.dir/__/__/Drivers/STM32F4xx_HAL_Driver/Src/stm32f4xx_hal_dma_ex.c.obj
LOAD cmake/stm32cubemx/CMakeFiles/STM32_Drivers.dir/__/__/Drivers/STM32F4xx_HAL_Driver/Src/stm32f4xx_hal_dma.c.obj
LOAD cmake/stm32cubemx/CMakeFiles/STM32_Drivers.dir/__/__/Drivers/STM32F4xx_HAL_Driver/Src/stm32f4xx_hal_pwr.c.obj
LOAD cmake/stm32cubemx/CMakeFiles/STM32_Drivers.dir/__/__/Drivers/STM32F4xx_HAL_Driver/Src/stm32f4xx_hal_pwr_ex.c.obj
LOAD cmake/stm32cubemx/CMakeFiles/STM32_Drivers.dir/__/__/Drivers/STM32F4xx_HAL_Driver/Src/stm32f4xx_hal_cortex.c.obj
LOAD cmake/stm32cubemx/CMakeFiles/STM32_Drivers.dir/__/__/Drivers/STM32F4xx_HAL_Driver/Src/stm32f4xx_hal.c.obj
LOAD cmake/stm32cubemx/CMakeFiles/STM32_Drivers.dir/__/__/Drivers/STM32F4xx_HAL_Driver/Src/stm32f4xx_hal_exti.c.obj
LOAD cmake/stm32cubemx/CMakeFiles/STM32_Drivers.dir/__/__/Drivers/STM32F4xx_HAL_Driver/Src/stm32f4xx_hal_uart.c.obj
LOAD cmake/stm32cubemx/CMakeFiles/FreeRTOS.dir/__/__/Middlewares/Third_Party/FreeRTOS/Source/croutine.c.obj
LOAD cmake/stm32cubemx/CMakeFiles/FreeRTOS.dir/__/__/Middlewares/Third_Party/FreeRTOS/Source/event_groups.c.obj
LOAD cmake/stm32cubemx/CMakeFiles/FreeRTOS.dir/__/__/Middlewares/Third_Party/FreeRTOS/Source/list.c.obj
LOAD cmake/stm32cubemx/CMakeFiles/FreeRTOS.dir/__/__/Middlewares/Third_Party/FreeRTOS/Source/queue.c.obj
LOAD cmake/stm32cubemx/CMakeFiles/FreeRTOS.dir/__/__/Middlewares/Third_Party/FreeRTOS/Source/stream_buffer.c.obj
LOAD cmake/stm32cubemx/CMakeFiles/FreeRTOS.dir/__/__/Middlewares/Third_Party/FreeRTOS/Source/tasks.c.obj
LOAD cmake/stm32cubemx/CMakeFiles/FreeRTOS.dir/__/__/Middlewares/Third_Party/FreeRTOS/Source/timers.c.obj
LOAD cmake/stm32cubemx/CMakeFiles/FreeRTOS.dir/__/__/Middlewares/Third_Party/FreeRTOS/Source/CMSIS_RTOS_V2/cmsis_os2.c.obj
LOAD cmake/stm32cubemx/CMakeFiles/FreeRTOS.dir/__/__/Middlewares/Third_Party/FreeRTOS/Source/portable/MemMang/heap_4.c.obj
LOAD cmake/stm32cubemx/CMakeFiles/FreeRTOS.dir/__/__/Middlewares/Third_Party/FreeRTOS/Source/portable/GCC/ARM_CM4F/port.c.obj
LOAD CMakeFiles/26H_Remake.dir/Core/Src/main.c.obj
LOAD CMakeFiles/26H_Remake.dir/Core/Src/gpio.c.obj
LOAD CMakeFiles/26H_Remake.dir/Core/Src/freertos.c.obj
LOAD CMakeFiles/26H_Remake.dir/Core/Src/can.c.obj
LOAD CMakeFiles/26H_Remake.dir/Core/Src/dma.c.obj
LOAD CMakeFiles/26H_Remake.dir/Core/Src/usart.c.obj
LOAD CMakeFiles/26H_Remake.dir/Core/Src/stm32f4xx_it.c.obj
LOAD CMakeFiles/26H_Remake.dir/Core/Src/stm32f4xx_hal_msp.c.obj
LOAD CMakeFiles/26H_Remake.dir/Core/Src/sysmem.c.obj
LOAD CMakeFiles/26H_Remake.dir/Core/Src/syscalls.c.obj
LOAD CMakeFiles/26H_Remake.dir/startup_stm32f407xx.s.obj
LOAD CMakeFiles/26H_Remake.dir/Hardware/LED.c.obj
LOAD CMakeFiles/26H_Remake.dir/Hardware/Serial.c.obj
LOAD CMakeFiles/26H_Remake.dir/Devices/QD4310.cpp.obj
LOAD CMakeFiles/26H_Remake.dir/APP/src/BallStateTask.cpp.obj
LOAD CMakeFiles/26H_Remake.dir/APP/src/CommunicationTask.cpp.obj
LOAD CMakeFiles/26H_Remake.dir/APP/src/DebugTask.cpp.obj
LOAD CMakeFiles/26H_Remake.dir/APP/src/GimbalTask.cpp.obj
LOAD CMakeFiles/26H_Remake.dir/APP/src/Motortest.cpp.obj
LOAD CMakeFiles/26H_Remake.dir/UserLib/BallBeamController.cpp.obj
LOAD CMakeFiles/26H_Remake.dir/UserLib/QDMotorController.cpp.obj
LOAD D:/MCU-DE~1/MCU_TOOL/13C7F1~1.2RE/bin/../lib/gcc/arm-none-eabi/13.2.1/thumb/v7e-m+fp/hard\libstdc++_nano.a
LOAD D:/MCU-DE~1/MCU_TOOL/13C7F1~1.2RE/bin/../lib/gcc/arm-none-eabi/13.2.1/thumb/v7e-m+fp/hard\libm.a
START GROUP
LOAD D:/MCU-DE~1/MCU_TOOL/13C7F1~1.2RE/bin/../lib/gcc/arm-none-eabi/13.2.1/thumb/v7e-m+fp/hard\libgcc.a
LOAD D:/MCU-DE~1/MCU_TOOL/13C7F1~1.2RE/bin/../lib/gcc/arm-none-eabi/13.2.1/thumb/v7e-m+fp/hard\libg_nano.a
LOAD D:/MCU-DE~1/MCU_TOOL/13C7F1~1.2RE/bin/../lib/gcc/arm-none-eabi/13.2.1/thumb/v7e-m+fp/hard\libc_nano.a
END GROUP
START GROUP
LOAD D:/MCU-DE~1/MCU_TOOL/13C7F1~1.2RE/bin/../lib/gcc/arm-none-eabi/13.2.1/thumb/v7e-m+fp/hard\libgcc.a
LOAD D:/MCU-DE~1/MCU_TOOL/13C7F1~1.2RE/bin/../lib/gcc/arm-none-eabi/13.2.1/thumb/v7e-m+fp/hard\libc_nano.a
END GROUP
LOAD D:/MCU-DE~1/MCU_TOOL/13C7F1~1.2RE/bin/../lib/gcc/arm-none-eabi/13.2.1/thumb/v7e-m+fp/hard/crtend.o
LOAD D:/MCU-DE~1/MCU_TOOL/13C7F1~1.2RE/bin/../lib/gcc/arm-none-eabi/13.2.1/thumb/v7e-m+fp/hard/crtn.o
                0x20020000                        _estack = (ORIGIN (RAM) + LENGTH (RAM))
                0x00000200                        _Min_Heap_Size = 0x200
                0x00000400                        _Min_Stack_Size = 0x400

.isr_vector     0x08000000      0x188
                0x08000000                        . = ALIGN (0x4)
 *(.isr_vector)
 .isr_vector    0x08000000      0x188 CMakeFiles/26H_Remake.dir/startup_stm32f407xx.s.obj
                0x08000000                g_pfnVectors
                0x08000188                        . = ALIGN (0x4)

.text           0x08000190    0x13ce4
                0x08000190                        . = ALIGN (0x4)
 *(.text)
 .text          0x08000190      0x378 D:/MCU-DE~1/MCU_TOOL/13C7F1~1.2RE/bin/../lib/gcc/arm-none-eabi/13.2.1/thumb/v7e-m+fp/hard\libgcc.a(_arm_addsubdf3.o)
                0x08000190                __aeabi_drsub
                0x08000198                __aeabi_dsub
                0x08000198                __subdf3
                0x0800019c                __aeabi_dadd
                0x0800019c                __adddf3
                0x08000414                __floatunsidf
                0x08000414                __aeabi_ui2d
                0x08000434                __floatsidf
                0x08000434                __aeabi_i2d
                0x08000458                __aeabi_f2d
                0x08000458                __extendsfdf2
                0x0800049c                __floatundidf
                0x0800049c                __aeabi_ul2d
                0x080004ac                __floatdidf
                0x080004ac                __aeabi_l2d
 .text          0x08000508       0x50 D:/MCU-DE~1/MCU_TOOL/13C7F1~1.2RE/bin/../lib/gcc/arm-none-eabi/13.2.1/thumb/v7e-m+fp/hard\libgcc.a(_arm_fixdfsi.o)
                0x08000508                __aeabi_d2iz
                0x08000508                __fixdfsi
 .text          0x08000558       0x30 D:/MCU-DE~1/MCU_TOOL/13C7F1~1.2RE/bin/../lib/gcc/arm-none-eabi/13.2.1/thumb/v7e-m+fp/hard\libgcc.a(_aeabi_uldivmod.o)
                0x08000558                __aeabi_uldivmod
 .text          0x08000588        0x4 D:/MCU-DE~1/MCU_TOOL/13C7F1~1.2RE/bin/../lib/gcc/arm-none-eabi/13.2.1/thumb/v7e-m+fp/hard\libgcc.a(_dvmd_tls.o)
                0x08000588                __aeabi_idiv0
                0x08000588                __aeabi_ldiv0
 .text          0x0800058c       0x14 D:/MCU-DE~1/MCU_TOOL/13C7F1~1.2RE/bin/../lib/gcc/arm-none-eabi/13.2.1/thumb/v7e-m+fp/hard\libg_nano.a(libc_a-strcmp.o)
                0x0800058c                strcmp
 .text          0x080005a0       0xa0 D:/MCU-DE~1/MCU_TOOL/13C7F1~1.2RE/bin/../lib/gcc/arm-none-eabi/13.2.1/thumb/v7e-m+fp/hard\libg_nano.a(libc_a-memchr.o)
                0x080005a0                memchr
 .text          0x08000640      0x424 D:/MCU-DE~1/MCU_TOOL/13C7F1~1.2RE/bin/../lib/gcc/arm-none-eabi/13.2.1/thumb/v7e-m+fp/hard\libgcc.a(_arm_muldivdf3.o)
                0x08000640                __aeabi_dmul
                0x08000640                __muldf3
                0x08000894                __divdf3
                0x08000894                __aeabi_ddiv
 .text          0x08000a64      0x110 D:/MCU-DE~1/MCU_TOOL/13C7F1~1.2RE/bin/../lib/gcc/arm-none-eabi/13.2.1/thumb/v7e-m+fp/hard\libgcc.a(_arm_cmpdf2.o)
                0x08000a64                __gtdf2
                0x08000a64                __gedf2
                0x08000a6c                __ltdf2
                0x08000a6c                __ledf2
                0x08000a74                __nedf2
                0x08000a74                __eqdf2
                0x08000a74                __cmpdf2
                0x08000af0                __aeabi_cdrcmple
                0x08000b00                __aeabi_cdcmpeq
                0x08000b00                __aeabi_cdcmple
                0x08000b10                __aeabi_dcmpeq
                0x08000b24                __aeabi_dcmplt
                0x08000b38                __aeabi_dcmple
                0x08000b4c                __aeabi_dcmpge
                0x08000b60                __aeabi_dcmpgt
 .text          0x08000b74       0x2c D:/MCU-DE~1/MCU_TOOL/13C7F1~1.2RE/bin/../lib/gcc/arm-none-eabi/13.2.1/thumb/v7e-m+fp/hard\libgcc.a(_arm_unorddf2.o)
                0x08000b74                __unorddf2
                0x08000b74                __aeabi_dcmpun
 .text          0x08000ba0       0x40 D:/MCU-DE~1/MCU_TOOL/13C7F1~1.2RE/bin/../lib/gcc/arm-none-eabi/13.2.1/thumb/v7e-m+fp/hard\libgcc.a(_arm_fixunsdfsi.o)
                0x08000ba0                __aeabi_d2uiz
                0x08000ba0                __fixunsdfsi
 .text          0x08000be0       0xa0 D:/MCU-DE~1/MCU_TOOL/13C7F1~1.2RE/bin/../lib/gcc/arm-none-eabi/13.2.1/thumb/v7e-m+fp/hard\libgcc.a(_arm_truncdfsf2.o)
                0x08000be0                __truncdfsf2
                0x08000be0                __aeabi_d2f
 *(.text*)
 .text.deregister_tm_clones
                0x08000c80       0x1c D:/MCU-DE~1/MCU_TOOL/13C7F1~1.2RE/bin/../lib/gcc/arm-none-eabi/13.2.1/thumb/v7e-m+fp/hard/crtbegin.o
 .text.register_tm_clones
                0x08000c9c       0x24 D:/MCU-DE~1/MCU_TOOL/13C7F1~1.2RE/bin/../lib/gcc/arm-none-eabi/13.2.1/thumb/v7e-m+fp/hard/crtbegin.o
 .text.__do_global_dtors_aux
                0x08000cc0       0x28 D:/MCU-DE~1/MCU_TOOL/13C7F1~1.2RE/bin/../lib/gcc/arm-none-eabi/13.2.1/thumb/v7e-m+fp/hard/crtbegin.o
 .text.frame_dummy
                0x08000ce8       0x24 D:/MCU-DE~1/MCU_TOOL/13C7F1~1.2RE/bin/../lib/gcc/arm-none-eabi/13.2.1/thumb/v7e-m+fp/hard/crtbegin.o
 .text.SystemInit
                0x08000d0c       0x24 cmake/stm32cubemx/CMakeFiles/STM32_Drivers.dir/__/__/Core/Src/system_stm32f4xx.c.obj
                0x08000d0c                SystemInit
 .text.HAL_CAN_Init
                0x08000d30      0x1f6 cmake/stm32cubemx/CMakeFiles/STM32_Drivers.dir/__/__/Drivers/STM32F4xx_HAL_Driver/Src/stm32f4xx_hal_can.c.obj
                0x08000d30                HAL_CAN_Init
 *fill*         0x08000f26        0x2 
 .text.HAL_CAN_ConfigFilter
                0x08000f28      0x1bc cmake/stm32cubemx/CMakeFiles/STM32_Drivers.dir/__/__/Drivers/STM32F4xx_HAL_Driver/Src/stm32f4xx_hal_can.c.obj
                0x08000f28                HAL_CAN_ConfigFilter
 .text.HAL_CAN_Start
                0x080010e4       0x88 cmake/stm32cubemx/CMakeFiles/STM32_Drivers.dir/__/__/Drivers/STM32F4xx_HAL_Driver/Src/stm32f4xx_hal_can.c.obj
                0x080010e4                HAL_CAN_Start
 .text.HAL_CAN_AddTxMessage
                0x0800116c      0x1a0 cmake/stm32cubemx/CMakeFiles/STM32_Drivers.dir/__/__/Drivers/STM32F4xx_HAL_Driver/Src/stm32f4xx_hal_can.c.obj
                0x0800116c                HAL_CAN_AddTxMessage
 .text.HAL_CAN_GetTxMailboxesFreeLevel
                0x0800130c       0x6a cmake/stm32cubemx/CMakeFiles/STM32_Drivers.dir/__/__/Drivers/STM32F4xx_HAL_Driver/Src/stm32f4xx_hal_can.c.obj
                0x0800130c                HAL_CAN_GetTxMailboxesFreeLevel
 .text.HAL_CAN_GetRxMessage
                0x08001376      0x244 cmake/stm32cubemx/CMakeFiles/STM32_Drivers.dir/__/__/Drivers/STM32F4xx_HAL_Driver/Src/stm32f4xx_hal_can.c.obj
                0x08001376                HAL_CAN_GetRxMessage
 .text.HAL_CAN_ActivateNotification
                0x080015ba       0x4c cmake/stm32cubemx/CMakeFiles/STM32_Drivers.dir/__/__/Drivers/STM32F4xx_HAL_Driver/Src/stm32f4xx_hal_can.c.obj
                0x080015ba                HAL_CAN_ActivateNotification
 .text.HAL_CAN_IRQHandler
                0x08001606      0x36e cmake/stm32cubemx/CMakeFiles/STM32_Drivers.dir/__/__/Drivers/STM32F4xx_HAL_Driver/Src/stm32f4xx_hal_can.c.obj
                0x08001606                HAL_CAN_IRQHandler
 .text.HAL_CAN_TxMailbox0CompleteCallback
                0x08001974       0x14 cmake/stm32cubemx/CMakeFiles/STM32_Drivers.dir/__/__/Drivers/STM32F4xx_HAL_Driver/Src/stm32f4xx_hal_can.c.obj
                0x08001974                HAL_CAN_TxMailbox0CompleteCallback
 .text.HAL_CAN_TxMailbox1CompleteCallback
                0x08001988       0x14 cmake/stm32cubemx/CMakeFiles/STM32_Drivers.dir/__/__/Drivers/STM32F4xx_HAL_Driver/Src/stm32f4xx_hal_can.c.obj
                0x08001988                HAL_CAN_TxMailbox1CompleteCallback
 .text.HAL_CAN_TxMailbox2CompleteCallback
                0x0800199c       0x14 cmake/stm32cubemx/CMakeFiles/STM32_Drivers.dir/__/__/Drivers/STM32F4xx_HAL_Driver/Src/stm32f4xx_hal_can.c.obj
                0x0800199c                HAL_CAN_TxMailbox2CompleteCallback
 .text.HAL_CAN_TxMailbox0AbortCallback
                0x080019b0       0x14 cmake/stm32cubemx/CMakeFiles/STM32_Drivers.dir/__/__/Drivers/STM32F4xx_HAL_Driver/Src/stm32f4xx_hal_can.c.obj
                0x080019b0                HAL_CAN_TxMailbox0AbortCallback
 .text.HAL_CAN_TxMailbox1AbortCallback
                0x080019c4       0x14 cmake/stm32cubemx/CMakeFiles/STM32_Drivers.dir/__/__/Drivers/STM32F4xx_HAL_Driver/Src/stm32f4xx_hal_can.c.obj
                0x080019c4                HAL_CAN_TxMailbox1AbortCallback
 .text.HAL_CAN_TxMailbox2AbortCallback
                0x080019d8       0x14 cmake/stm32cubemx/CMakeFiles/STM32_Drivers.dir/__/__/Drivers/STM32F4xx_HAL_Driver/Src/stm32f4xx_hal_can.c.obj
                0x080019d8                HAL_CAN_TxMailbox2AbortCallback
 .text.HAL_CAN_RxFifo0FullCallback
                0x080019ec       0x14 cmake/stm32cubemx/CMakeFiles/STM32_Drivers.dir/__/__/Drivers/STM32F4xx_HAL_Driver/Src/stm32f4xx_hal_can.c.obj
                0x080019ec                HAL_CAN_RxFifo0FullCallback
 .text.HAL_CAN_RxFifo1MsgPendingCallback
                0x08001a00       0x14 cmake/stm32cubemx/CMakeFiles/STM32_Drivers.dir/__/__/Drivers/STM32F4xx_HAL_Driver/Src/stm32f4xx_hal_can.c.obj
                0x08001a00                HAL_CAN_RxFifo1MsgPendingCallback
 .text.HAL_CAN_RxFifo1FullCallback
                0x08001a14       0x14 cmake/stm32cubemx/CMakeFiles/STM32_Drivers.dir/__/__/Drivers/STM32F4xx_HAL_Driver/Src/stm32f4xx_hal_can.c.obj
                0x08001a14                HAL_CAN_RxFifo1FullCallback
 .text.HAL_CAN_SleepCallback
                0x08001a28       0x14 cmake/stm32cubemx/CMakeFiles/STM32_Drivers.dir/__/__/Drivers/STM32F4xx_HAL_Driver/Src/stm32f4xx_hal_can.c.obj
                0x08001a28                HAL_CAN_SleepCallback
 .text.HAL_CAN_WakeUpFromRxMsgCallback
                0x08001a3c       0x14 cmake/stm32cubemx/CMakeFiles/STM32_Drivers.dir/__/__/Drivers/STM32F4xx_HAL_Driver/Src/stm32f4xx_hal_can.c.obj
                0x08001a3c                HAL_CAN_WakeUpFromRxMsgCallback
 .text.HAL_CAN_ErrorCallback
                0x08001a50       0x14 cmake/stm32cubemx/CMakeFiles/STM32_Drivers.dir/__/__/Drivers/STM32F4xx_HAL_Driver/Src/stm32f4xx_hal_can.c.obj
                0x08001a50                HAL_CAN_ErrorCallback
 .text.HAL_CAN_GetState
                0x08001a64       0x50 cmake/stm32cubemx/CMakeFiles/STM32_Drivers.dir/__/__/Drivers/STM32F4xx_HAL_Driver/Src/stm32f4xx_hal_can.c.obj
                0x08001a64                HAL_CAN_GetState
 .text.HAL_CAN_GetError
                0x08001ab4       0x18 cmake/stm32cubemx/CMakeFiles/STM32_Drivers.dir/__/__/Drivers/STM32F4xx_HAL_Driver/Src/stm32f4xx_hal_can.c.obj
                0x08001ab4                HAL_CAN_GetError
 .text.HAL_RCC_OscConfig
                0x08001acc      0x4f0 cmake/stm32cubemx/CMakeFiles/STM32_Drivers.dir/__/__/Drivers/STM32F4xx_HAL_Driver/Src/stm32f4xx_hal_rcc.c.obj
                0x08001acc                HAL_RCC_OscConfig
 .text.HAL_RCC_ClockConfig
                0x08001fbc      0x1cc cmake/stm32cubemx/CMakeFiles/STM32_Drivers.dir/__/__/Drivers/STM32F4xx_HAL_Driver/Src/stm32f4xx_hal_rcc.c.obj
                0x08001fbc                HAL_RCC_ClockConfig
 .text.HAL_RCC_GetSysClockFreq
                0x08002188      0x18c cmake/stm32cubemx/CMakeFiles/STM32_Drivers.dir/__/__/Drivers/STM32F4xx_HAL_Driver/Src/stm32f4xx_hal_rcc.c.obj
                0x08002188                HAL_RCC_GetSysClockFreq
 .text.HAL_RCC_GetHCLKFreq
                0x08002314       0x18 cmake/stm32cubemx/CMakeFiles/STM32_Drivers.dir/__/__/Drivers/STM32F4xx_HAL_Driver/Src/stm32f4xx_hal_rcc.c.obj
                0x08002314                HAL_RCC_GetHCLKFreq
 .text.HAL_RCC_GetPCLK1Freq
                0x0800232c       0x28 cmake/stm32cubemx/CMakeFiles/STM32_Drivers.dir/__/__/Drivers/STM32F4xx_HAL_Driver/Src/stm32f4xx_hal_rcc.c.obj
                0x0800232c                HAL_RCC_GetPCLK1Freq
 .text.HAL_RCC_GetPCLK2Freq
                0x08002354       0x28 cmake/stm32cubemx/CMakeFiles/STM32_Drivers.dir/__/__/Drivers/STM32F4xx_HAL_Driver/Src/stm32f4xx_hal_rcc.c.obj
                0x08002354                HAL_RCC_GetPCLK2Freq
 .text.HAL_GPIO_Init
                0x0800237c      0x338 cmake/stm32cubemx/CMakeFiles/STM32_Drivers.dir/__/__/Drivers/STM32F4xx_HAL_Driver/Src/stm32f4xx_hal_gpio.c.obj
                0x0800237c                HAL_GPIO_Init
 .text.HAL_GPIO_WritePin
                0x080026b4       0x32 cmake/stm32cubemx/CMakeFiles/STM32_Drivers.dir/__/__/Drivers/STM32F4xx_HAL_Driver/Src/stm32f4xx_hal_gpio.c.obj
                0x080026b4                HAL_GPIO_WritePin
 *fill*         0x080026e6        0x2 
 .text.HAL_DMA_Init
                0x080026e8      0x15c cmake/stm32cubemx/CMakeFiles/STM32_Drivers.dir/__/__/Drivers/STM32F4xx_HAL_Driver/Src/stm32f4xx_hal_dma.c.obj
                0x080026e8                HAL_DMA_Init
 .text.HAL_DMA_Start_IT
                0x08002844       0xb0 cmake/stm32cubemx/CMakeFiles/STM32_Drivers.dir/__/__/Drivers/STM32F4xx_HAL_Driver/Src/stm32f4xx_hal_dma.c.obj
                0x08002844                HAL_DMA_Start_IT
 .text.HAL_DMA_Abort
                0x080028f4       0xe0 cmake/stm32cubemx/CMakeFiles/STM32_Drivers.dir/__/__/Drivers/STM32F4xx_HAL_Driver/Src/stm32f4xx_hal_dma.c.obj
                0x080028f4                HAL_DMA_Abort
 .text.HAL_DMA_Abort_IT
                0x080029d4       0x44 cmake/stm32cubemx/CMakeFiles/STM32_Drivers.dir/__/__/Drivers/STM32F4xx_HAL_Driver/Src/stm32f4xx_hal_dma.c.obj
                0x080029d4                HAL_DMA_Abort_IT
 .text.HAL_DMA_IRQHandler
                0x08002a18      0x314 cmake/stm32cubemx/CMakeFiles/STM32_Drivers.dir/__/__/Drivers/STM32F4xx_HAL_Driver/Src/stm32f4xx_hal_dma.c.obj
                0x08002a18                HAL_DMA_IRQHandler
 .text.DMA_SetConfig
                0x08002d2c       0x5c cmake/stm32cubemx/CMakeFiles/STM32_Drivers.dir/__/__/Drivers/STM32F4xx_HAL_Driver/Src/stm32f4xx_hal_dma.c.obj
 .text.DMA_CalcBaseAndBitshift
                0x08002d88       0x6c cmake/stm32cubemx/CMakeFiles/STM32_Drivers.dir/__/__/Drivers/STM32F4xx_HAL_Driver/Src/stm32f4xx_hal_dma.c.obj
 .text.DMA_CheckFifoParam
                0x08002df4       0xf8 cmake/stm32cubemx/CMakeFiles/STM32_Drivers.dir/__/__/Drivers/STM32F4xx_HAL_Driver/Src/stm32f4xx_hal_dma.c.obj
 .text.__NVIC_SetPriorityGrouping
                0x08002eec       0x48 cmake/stm32cubemx/CMakeFiles/STM32_Drivers.dir/__/__/Drivers/STM32F4xx_HAL_Driver/Src/stm32f4xx_hal_cortex.c.obj
 .text.__NVIC_GetPriorityGrouping
                0x08002f34       0x1c cmake/stm32cubemx/CMakeFiles/STM32_Drivers.dir/__/__/Drivers/STM32F4xx_HAL_Driver/Src/stm32f4xx_hal_cortex.c.obj
 .text.__NVIC_EnableIRQ
                0x08002f50       0x3c cmake/stm32cubemx/CMakeFiles/STM32_Drivers.dir/__/__/Drivers/STM32F4xx_HAL_Driver/Src/stm32f4xx_hal_cortex.c.obj
 .text.__NVIC_SetPriority
                0x08002f8c       0x54 cmake/stm32cubemx/CMakeFiles/STM32_Drivers.dir/__/__/Drivers/STM32F4xx_HAL_Driver/Src/stm32f4xx_hal_cortex.c.obj
 .text.NVIC_EncodePriority
                0x08002fe0       0x66 cmake/stm32cubemx/CMakeFiles/STM32_Drivers.dir/__/__/Drivers/STM32F4xx_HAL_Driver/Src/stm32f4xx_hal_cortex.c.obj
 *fill*         0x08003046        0x2 
 .text.SysTick_Config
                0x08003048       0x44 cmake/stm32cubemx/CMakeFiles/STM32_Drivers.dir/__/__/Drivers/STM32F4xx_HAL_Driver/Src/stm32f4xx_hal_cortex.c.obj
 .text.HAL_NVIC_SetPriorityGrouping
                0x0800308c       0x16 cmake/stm32cubemx/CMakeFiles/STM32_Drivers.dir/__/__/Drivers/STM32F4xx_HAL_Driver/Src/stm32f4xx_hal_cortex.c.obj
                0x0800308c                HAL_NVIC_SetPriorityGrouping
 .text.HAL_NVIC_SetPriority
                0x080030a2       0x38 cmake/stm32cubemx/CMakeFiles/STM32_Drivers.dir/__/__/Drivers/STM32F4xx_HAL_Driver/Src/stm32f4xx_hal_cortex.c.obj
                0x080030a2                HAL_NVIC_SetPriority
 .text.HAL_NVIC_EnableIRQ
                0x080030da       0x1c cmake/stm32cubemx/CMakeFiles/STM32_Drivers.dir/__/__/Drivers/STM32F4xx_HAL_Driver/Src/stm32f4xx_hal_cortex.c.obj
                0x080030da                HAL_NVIC_EnableIRQ
 .text.HAL_SYSTICK_Config
                0x080030f6       0x18 cmake/stm32cubemx/CMakeFiles/STM32_Drivers.dir/__/__/Drivers/STM32F4xx_HAL_Driver/Src/stm32f4xx_hal_cortex.c.obj
                0x080030f6                HAL_SYSTICK_Config
 *fill*         0x0800310e        0x2 
 .text.HAL_Init
                0x08003110       0x44 cmake/stm32cubemx/CMakeFiles/STM32_Drivers.dir/__/__/Drivers/STM32F4xx_HAL_Driver/Src/stm32f4xx_hal.c.obj
                0x08003110                HAL_Init
 .text.HAL_InitTick
                0x08003154       0x60 cmake/stm32cubemx/CMakeFiles/STM32_Drivers.dir/__/__/Drivers/STM32F4xx_HAL_Driver/Src/stm32f4xx_hal.c.obj
                0x08003154                HAL_InitTick
 .text.HAL_IncTick
                0x080031b4       0x28 cmake/stm32cubemx/CMakeFiles/STM32_Drivers.dir/__/__/Drivers/STM32F4xx_HAL_Driver/Src/stm32f4xx_hal.c.obj
                0x080031b4                HAL_IncTick
 .text.HAL_GetTick
                0x080031dc       0x18 cmake/stm32cubemx/CMakeFiles/STM32_Drivers.dir/__/__/Drivers/STM32F4xx_HAL_Driver/Src/stm32f4xx_hal.c.obj
                0x080031dc                HAL_GetTick
 .text.HAL_UART_Init
                0x080031f4       0xa0 cmake/stm32cubemx/CMakeFiles/STM32_Drivers.dir/__/__/Drivers/STM32F4xx_HAL_Driver/Src/stm32f4xx_hal_uart.c.obj
                0x080031f4                HAL_UART_Init
 .text.HAL_UART_Receive_IT
                0x08003294       0x4a cmake/stm32cubemx/CMakeFiles/STM32_Drivers.dir/__/__/Drivers/STM32F4xx_HAL_Driver/Src/stm32f4xx_hal_uart.c.obj
                0x08003294                HAL_UART_Receive_IT
 *fill*         0x080032de        0x2 
 .text.HAL_UART_Transmit_DMA
                0x080032e0       0xf8 cmake/stm32cubemx/CMakeFiles/STM32_Drivers.dir/__/__/Drivers/STM32F4xx_HAL_Driver/Src/stm32f4xx_hal_uart.c.obj
                0x080032e0                HAL_UART_Transmit_DMA
 .text.HAL_UARTEx_ReceiveToIdle_DMA
                0x080033d8       0xb2 cmake/stm32cubemx/CMakeFiles/STM32_Drivers.dir/__/__/Drivers/STM32F4xx_HAL_Driver/Src/stm32f4xx_hal_uart.c.obj
                0x080033d8                HAL_UARTEx_ReceiveToIdle_DMA
 *fill*         0x0800348a        0x2 
 .text.HAL_UART_IRQHandler
                0x0800348c      0x554 cmake/stm32cubemx/CMakeFiles/STM32_Drivers.dir/__/__/Drivers/STM32F4xx_HAL_Driver/Src/stm32f4xx_hal_uart.c.obj
                0x0800348c                HAL_UART_IRQHandler
 .text.HAL_UART_TxHalfCpltCallback
                0x080039e0       0x14 cmake/stm32cubemx/CMakeFiles/STM32_Drivers.dir/__/__/Drivers/STM32F4xx_HAL_Driver/Src/stm32f4xx_hal_uart.c.obj
                0x080039e0                HAL_UART_TxHalfCpltCallback
 .text.HAL_UART_RxHalfCpltCallback
                0x080039f4       0x14 cmake/stm32cubemx/CMakeFiles/STM32_Drivers.dir/__/__/Drivers/STM32F4xx_HAL_Driver/Src/stm32f4xx_hal_uart.c.obj
                0x080039f4                HAL_UART_RxHalfCpltCallback
 .text.UART_DMATransmitCplt
                0x08003a08       0x9a cmake/stm32cubemx/CMakeFiles/STM32_Drivers.dir/__/__/Drivers/STM32F4xx_HAL_Driver/Src/stm32f4xx_hal_uart.c.obj
 .text.UART_DMATxHalfCplt
                0x08003aa2       0x1c cmake/stm32cubemx/CMakeFiles/STM32_Drivers.dir/__/__/Drivers/STM32F4xx_HAL_Driver/Src/stm32f4xx_hal_uart.c.obj
 .text.UART_DMAReceiveCplt
                0x08003abe      0x12c cmake/stm32cubemx/CMakeFiles/STM32_Drivers.dir/__/__/Drivers/STM32F4xx_HAL_Driver/Src/stm32f4xx_hal_uart.c.obj
 .text.UART_DMARxHalfCplt
                0x08003bea       0x3c cmake/stm32cubemx/CMakeFiles/STM32_Drivers.dir/__/__/Drivers/STM32F4xx_HAL_Driver/Src/stm32f4xx_hal_uart.c.obj
 .text.UART_DMAError
                0x08003c26       0x94 cmake/stm32cubemx/CMakeFiles/STM32_Drivers.dir/__/__/Drivers/STM32F4xx_HAL_Driver/Src/stm32f4xx_hal_uart.c.obj
 .text.UART_Start_Receive_IT
                0x08003cba       0x74 cmake/stm32cubemx/CMakeFiles/STM32_Drivers.dir/__/__/Drivers/STM32F4xx_HAL_Driver/Src/stm32f4xx_hal_uart.c.obj
                0x08003cba                UART_Start_Receive_IT
 *fill*         0x08003d2e        0x2 
 .text.UART_Start_Receive_DMA
                0x08003d30      0x14c cmake/stm32cubemx/CMakeFiles/STM32_Drivers.dir/__/__/Drivers/STM32F4xx_HAL_Driver/Src/stm32f4xx_hal_uart.c.obj
                0x08003d30                UART_Start_Receive_DMA
 .text.UART_EndTxTransfer
                0x08003e7c       0x50 cmake/stm32cubemx/CMakeFiles/STM32_Drivers.dir/__/__/Drivers/STM32F4xx_HAL_Driver/Src/stm32f4xx_hal_uart.c.obj
 .text.UART_EndRxTransfer
                0x08003ecc       0xc6 cmake/stm32cubemx/CMakeFiles/STM32_Drivers.dir/__/__/Drivers/STM32F4xx_HAL_Driver/Src/stm32f4xx_hal_uart.c.obj
 .text.UART_DMAAbortOnError
                0x08003f92       0x22 cmake/stm32cubemx/CMakeFiles/STM32_Drivers.dir/__/__/Drivers/STM32F4xx_HAL_Driver/Src/stm32f4xx_hal_uart.c.obj
 .text.UART_Transmit_IT
                0x08003fb4       0xa0 cmake/stm32cubemx/CMakeFiles/STM32_Drivers.dir/__/__/Drivers/STM32F4xx_HAL_Driver/Src/stm32f4xx_hal_uart.c.obj
 .text.UART_EndTransmit_IT
                0x08004054       0x30 cmake/stm32cubemx/CMakeFiles/STM32_Drivers.dir/__/__/Drivers/STM32F4xx_HAL_Driver/Src/stm32f4xx_hal_uart.c.obj
 .text.UART_Receive_IT
                0x08004084      0x17c cmake/stm32cubemx/CMakeFiles/STM32_Drivers.dir/__/__/Drivers/STM32F4xx_HAL_Driver/Src/stm32f4xx_hal_uart.c.obj
 .text.UART_SetConfig
                0x08004200      0x4e8 cmake/stm32cubemx/CMakeFiles/STM32_Drivers.dir/__/__/Drivers/STM32F4xx_HAL_Driver/Src/stm32f4xx_hal_uart.c.obj
 .text.vListInitialise
                0x080046e8       0x40 cmake/stm32cubemx/CMakeFiles/FreeRTOS.dir/__/__/Middlewares/Third_Party/FreeRTOS/Source/list.c.obj
                0x080046e8                vListInitialise
 .text.vListInitialiseItem
                0x08004728       0x1a cmake/stm32cubemx/CMakeFiles/FreeRTOS.dir/__/__/Middlewares/Third_Party/FreeRTOS/Source/list.c.obj
                0x08004728                vListInitialiseItem
 .text.vListInsertEnd
                0x08004742       0x48 cmake/stm32cubemx/CMakeFiles/FreeRTOS.dir/__/__/Middlewares/Third_Party/FreeRTOS/Source/list.c.obj
                0x08004742                vListInsertEnd
 .text.vListInsert
                0x0800478a       0x72 cmake/stm32cubemx/CMakeFiles/FreeRTOS.dir/__/__/Middlewares/Third_Party/FreeRTOS/Source/list.c.obj
                0x0800478a                vListInsert
 .text.uxListRemove
                0x080047fc       0x54 cmake/stm32cubemx/CMakeFiles/FreeRTOS.dir/__/__/Middlewares/Third_Party/FreeRTOS/Source/list.c.obj
                0x080047fc                uxListRemove
 .text.xQueueGenericReset
                0x08004850       0xd4 cmake/stm32cubemx/CMakeFiles/FreeRTOS.dir/__/__/Middlewares/Third_Party/FreeRTOS/Source/queue.c.obj
                0x08004850                xQueueGenericReset
 .text.xQueueGenericCreateStatic
                0x08004924       0xfa cmake/stm32cubemx/CMakeFiles/FreeRTOS.dir/__/__/Middlewares/Third_Party/FreeRTOS/Source/queue.c.obj
                0x08004924                xQueueGenericCreateStatic
 .text.xQueueGenericCreate
                0x08004a1e       0x76 cmake/stm32cubemx/CMakeFiles/FreeRTOS.dir/__/__/Middlewares/Third_Party/FreeRTOS/Source/queue.c.obj
                0x08004a1e                xQueueGenericCreate
 .text.prvInitialiseNewQueue
                0x08004a94       0x46 cmake/stm32cubemx/CMakeFiles/FreeRTOS.dir/__/__/Middlewares/Third_Party/FreeRTOS/Source/queue.c.obj
 *fill*         0x08004ada        0x2 
 .text.xQueueGenericSend
                0x08004adc      0x204 cmake/stm32cubemx/CMakeFiles/FreeRTOS.dir/__/__/Middlewares/Third_Party/FreeRTOS/Source/queue.c.obj
                0x08004adc                xQueueGenericSend
 .text.xQueueGenericSendFromISR
                0x08004ce0      0x13c cmake/stm32cubemx/CMakeFiles/FreeRTOS.dir/__/__/Middlewares/Third_Party/FreeRTOS/Source/queue.c.obj
                0x08004ce0                xQueueGenericSendFromISR
 .text.xQueueReceive
                0x08004e1c      0x1c4 cmake/stm32cubemx/CMakeFiles/FreeRTOS.dir/__/__/Middlewares/Third_Party/FreeRTOS/Source/queue.c.obj
                0x08004e1c                xQueueReceive
 .text.xQueueReceiveFromISR
                0x08004fe0      0x104 cmake/stm32cubemx/CMakeFiles/FreeRTOS.dir/__/__/Middlewares/Third_Party/FreeRTOS/Source/queue.c.obj
                0x08004fe0                xQueueReceiveFromISR
 .text.prvCopyDataToQueue
                0x080050e4       0xd4 cmake/stm32cubemx/CMakeFiles/FreeRTOS.dir/__/__/Middlewares/Third_Party/FreeRTOS/Source/queue.c.obj
 .text.prvCopyDataFromQueue
                0x080051b8       0x4c cmake/stm32cubemx/CMakeFiles/FreeRTOS.dir/__/__/Middlewares/Third_Party/FreeRTOS/Source/queue.c.obj
 .text.prvUnlockQueue
                0x08005204       0xa4 cmake/stm32cubemx/CMakeFiles/FreeRTOS.dir/__/__/Middlewares/Third_Party/FreeRTOS/Source/queue.c.obj
 .text.prvIsQueueEmpty
                0x080052a8       0x2c cmake/stm32cubemx/CMakeFiles/FreeRTOS.dir/__/__/Middlewares/Third_Party/FreeRTOS/Source/queue.c.obj
 .text.prvIsQueueFull
                0x080052d4       0x30 cmake/stm32cubemx/CMakeFiles/FreeRTOS.dir/__/__/Middlewares/Third_Party/FreeRTOS/Source/queue.c.obj
 .text.vQueueAddToRegistry
                0x08005304       0x54 cmake/stm32cubemx/CMakeFiles/FreeRTOS.dir/__/__/Middlewares/Third_Party/FreeRTOS/Source/queue.c.obj
                0x08005304                vQueueAddToRegistry
 .text.vQueueWaitForMessageRestricted
                0x08005358       0x68 cmake/stm32cubemx/CMakeFiles/FreeRTOS.dir/__/__/Middlewares/Third_Party/FreeRTOS/Source/queue.c.obj
                0x08005358                vQueueWaitForMessageRestricted
 .text.xTaskCreateStatic
                0x080053c0       0xc0 cmake/stm32cubemx/CMakeFiles/FreeRTOS.dir/__/__/Middlewares/Third_Party/FreeRTOS/Source/tasks.c.obj
                0x080053c0                xTaskCreateStatic
 .text.xTaskCreate
                0x08005480       0x8a cmake/stm32cubemx/CMakeFiles/FreeRTOS.dir/__/__/Middlewares/Third_Party/FreeRTOS/Source/tasks.c.obj
                0x08005480                xTaskCreate
 .text.prvInitialiseNewTask
                0x0800550a      0x120 cmake/stm32cubemx/CMakeFiles/FreeRTOS.dir/__/__/Middlewares/Third_Party/FreeRTOS/Source/tasks.c.obj
 *fill*         0x0800562a        0x2 
 .text.prvAddNewTaskToReadyList
                0x0800562c       0xe0 cmake/stm32cubemx/CMakeFiles/FreeRTOS.dir/__/__/Middlewares/Third_Party/FreeRTOS/Source/tasks.c.obj
 .text.vTaskDelayUntil
                0x0800570c      0x100 cmake/stm32cubemx/CMakeFiles/FreeRTOS.dir/__/__/Middlewares/Third_Party/FreeRTOS/Source/tasks.c.obj
                0x0800570c                vTaskDelayUntil
 .text.vTaskDelay
                0x0800580c       0x6c cmake/stm32cubemx/CMakeFiles/FreeRTOS.dir/__/__/Middlewares/Third_Party/FreeRTOS/Source/tasks.c.obj
                0x0800580c                vTaskDelay
 .text.vTaskStartScheduler
                0x08005878       0xd0 cmake/stm32cubemx/CMakeFiles/FreeRTOS.dir/__/__/Middlewares/Third_Party/FreeRTOS/Source/tasks.c.obj
                0x08005878                vTaskStartScheduler
 .text.vTaskSuspendAll
                0x08005948       0x1c cmake/stm32cubemx/CMakeFiles/FreeRTOS.dir/__/__/Middlewares/Third_Party/FreeRTOS/Source/tasks.c.obj
                0x08005948                vTaskSuspendAll
 .text.xTaskResumeAll
                0x08005964      0x13c cmake/stm32cubemx/CMakeFiles/FreeRTOS.dir/__/__/Middlewares/Third_Party/FreeRTOS/Source/tasks.c.obj
                0x08005964                xTaskResumeAll
 .text.xTaskGetTickCount
                0x08005aa0       0x20 cmake/stm32cubemx/CMakeFiles/FreeRTOS.dir/__/__/Middlewares/Third_Party/FreeRTOS/Source/tasks.c.obj
                0x08005aa0                xTaskGetTickCount
 .text.xTaskGetTickCountFromISR
                0x08005ac0       0x24 cmake/stm32cubemx/CMakeFiles/FreeRTOS.dir/__/__/Middlewares/Third_Party/FreeRTOS/Source/tasks.c.obj
                0x08005ac0                xTaskGetTickCountFromISR
 .text.xTaskIncrementTick
                0x08005ae4      0x174 cmake/stm32cubemx/CMakeFiles/FreeRTOS.dir/__/__/Middlewares/Third_Party/FreeRTOS/Source/tasks.c.obj
                0x08005ae4                xTaskIncrementTick
 .text.vTaskSwitchContext
                0x08005c58       0xbc cmake/stm32cubemx/CMakeFiles/FreeRTOS.dir/__/__/Middlewares/Third_Party/FreeRTOS/Source/tasks.c.obj
                0x08005c58                vTaskSwitchContext
 .text.vTaskPlaceOnEventList
                0x08005d14       0x4c cmake/stm32cubemx/CMakeFiles/FreeRTOS.dir/__/__/Middlewares/Third_Party/FreeRTOS/Source/tasks.c.obj
                0x08005d14                vTaskPlaceOnEventList
 .text.vTaskPlaceOnEventListRestricted
                0x08005d60       0x58 cmake/stm32cubemx/CMakeFiles/FreeRTOS.dir/__/__/Middlewares/Third_Party/FreeRTOS/Source/tasks.c.obj
                0x08005d60                vTaskPlaceOnEventListRestricted
 .text.xTaskRemoveFromEventList
                0x08005db8       0xc8 cmake/stm32cubemx/CMakeFiles/FreeRTOS.dir/__/__/Middlewares/Third_Party/FreeRTOS/Source/tasks.c.obj
                0x08005db8                xTaskRemoveFromEventList
 .text.vTaskInternalSetTimeOutState
                0x08005e80       0x2c cmake/stm32cubemx/CMakeFiles/FreeRTOS.dir/__/__/Middlewares/Third_Party/FreeRTOS/Source/tasks.c.obj
                0x08005e80                vTaskInternalSetTimeOutState
 .text.xTaskCheckForTimeOut
                0x08005eac       0xc8 cmake/stm32cubemx/CMakeFiles/FreeRTOS.dir/__/__/Middlewares/Third_Party/FreeRTOS/Source/tasks.c.obj
                0x08005eac                xTaskCheckForTimeOut
 .text.vTaskMissedYield
                0x08005f74       0x18 cmake/stm32cubemx/CMakeFiles/FreeRTOS.dir/__/__/Middlewares/Third_Party/FreeRTOS/Source/tasks.c.obj
                0x08005f74                vTaskMissedYield
 .text.prvIdleTask
                0x08005f8c       0x30 cmake/stm32cubemx/CMakeFiles/FreeRTOS.dir/__/__/Middlewares/Third_Party/FreeRTOS/Source/tasks.c.obj
 .text.prvInitialiseTaskLists
                0x08005fbc       0x80 cmake/stm32cubemx/CMakeFiles/FreeRTOS.dir/__/__/Middlewares/Third_Party/FreeRTOS/Source/tasks.c.obj
 .text.prvCheckTasksWaitingTermination
                0x0800603c       0x5c cmake/stm32cubemx/CMakeFiles/FreeRTOS.dir/__/__/Middlewares/Third_Party/FreeRTOS/Source/tasks.c.obj
 .text.prvDeleteTCB
                0x08006098       0x60 cmake/stm32cubemx/CMakeFiles/FreeRTOS.dir/__/__/Middlewares/Third_Party/FreeRTOS/Source/tasks.c.obj
 .text.prvResetNextTaskUnblockTime
                0x080060f8       0x40 cmake/stm32cubemx/CMakeFiles/FreeRTOS.dir/__/__/Middlewares/Third_Party/FreeRTOS/Source/tasks.c.obj
 .text.xTaskGetSchedulerState
                0x08006138       0x3c cmake/stm32cubemx/CMakeFiles/FreeRTOS.dir/__/__/Middlewares/Third_Party/FreeRTOS/Source/tasks.c.obj
                0x08006138                xTaskGetSchedulerState
 .text.xTaskPriorityDisinherit
                0x08006174       0xe0 cmake/stm32cubemx/CMakeFiles/FreeRTOS.dir/__/__/Middlewares/Third_Party/FreeRTOS/Source/tasks.c.obj
                0x08006174                xTaskPriorityDisinherit
 .text.prvAddCurrentTaskToDelayedList
                0x08006254       0xa8 cmake/stm32cubemx/CMakeFiles/FreeRTOS.dir/__/__/Middlewares/Third_Party/FreeRTOS/Source/tasks.c.obj
 .text.xTimerCreateTimerTask
                0x080062fc       0x94 cmake/stm32cubemx/CMakeFiles/FreeRTOS.dir/__/__/Middlewares/Third_Party/FreeRTOS/Source/timers.c.obj
                0x080062fc                xTimerCreateTimerTask
 .text.xTimerGenericCommand
                0x08006390       0x9c cmake/stm32cubemx/CMakeFiles/FreeRTOS.dir/__/__/Middlewares/Third_Party/FreeRTOS/Source/timers.c.obj
                0x08006390                xTimerGenericCommand
 .text.prvProcessExpiredTimer
                0x0800642c       0x9c cmake/stm32cubemx/CMakeFiles/FreeRTOS.dir/__/__/Middlewares/Third_Party/FreeRTOS/Source/timers.c.obj
 .text.prvTimerTask
                0x080064c8       0x26 cmake/stm32cubemx/CMakeFiles/FreeRTOS.dir/__/__/Middlewares/Third_Party/FreeRTOS/Source/timers.c.obj
 *fill*         0x080064ee        0x2 
 .text.prvProcessTimerOrBlockTask
                0x080064f0       0x9c cmake/stm32cubemx/CMakeFiles/FreeRTOS.dir/__/__/Middlewares/Third_Party/FreeRTOS/Source/timers.c.obj
 .text.prvGetNextExpireTime
                0x0800658c       0x48 cmake/stm32cubemx/CMakeFiles/FreeRTOS.dir/__/__/Middlewares/Third_Party/FreeRTOS/Source/timers.c.obj
 .text.prvSampleTimeNow
                0x080065d4       0x40 cmake/stm32cubemx/CMakeFiles/FreeRTOS.dir/__/__/Middlewares/Third_Party/FreeRTOS/Source/timers.c.obj
 .text.prvInsertTimerInActiveList
                0x08006614       0x84 cmake/stm32cubemx/CMakeFiles/FreeRTOS.dir/__/__/Middlewares/Third_Party/FreeRTOS/Source/timers.c.obj
 .text.prvProcessReceivedCommands
                0x08006698      0x1cc cmake/stm32cubemx/CMakeFiles/FreeRTOS.dir/__/__/Middlewares/Third_Party/FreeRTOS/Source/timers.c.obj
 .text.prvSwitchTimerLists
                0x08006864       0xcc cmake/stm32cubemx/CMakeFiles/FreeRTOS.dir/__/__/Middlewares/Third_Party/FreeRTOS/Source/timers.c.obj
 .text.prvCheckForValidListAndQueue
                0x08006930       0x80 cmake/stm32cubemx/CMakeFiles/FreeRTOS.dir/__/__/Middlewares/Third_Party/FreeRTOS/Source/timers.c.obj
 .text.__NVIC_SetPriority
                0x080069b0       0x54 cmake/stm32cubemx/CMakeFiles/FreeRTOS.dir/__/__/Middlewares/Third_Party/FreeRTOS/Source/CMSIS_RTOS_V2/cmsis_os2.c.obj
 .text.SVC_Setup
                0x08006a04       0x12 cmake/stm32cubemx/CMakeFiles/FreeRTOS.dir/__/__/Middlewares/Third_Party/FreeRTOS/Source/CMSIS_RTOS_V2/cmsis_os2.c.obj
 *fill*         0x08006a16        0x2 
 .text.osKernelInitialize
                0x08006a18       0x48 cmake/stm32cubemx/CMakeFiles/FreeRTOS.dir/__/__/Middlewares/Third_Party/FreeRTOS/Source/CMSIS_RTOS_V2/cmsis_os2.c.obj
                0x08006a18                osKernelInitialize
 .text.osKernelStart
                0x08006a60       0x4c cmake/stm32cubemx/CMakeFiles/FreeRTOS.dir/__/__/Middlewares/Third_Party/FreeRTOS/Source/CMSIS_RTOS_V2/cmsis_os2.c.obj
                0x08006a60                osKernelStart
 .text.osKernelGetTickCount
                0x08006aac       0x2a cmake/stm32cubemx/CMakeFiles/FreeRTOS.dir/__/__/Middlewares/Third_Party/FreeRTOS/Source/CMSIS_RTOS_V2/cmsis_os2.c.obj
                0x08006aac                osKernelGetTickCount
 .text.osThreadNew
                0x08006ad6      0x124 cmake/stm32cubemx/CMakeFiles/FreeRTOS.dir/__/__/Middlewares/Third_Party/FreeRTOS/Source/CMSIS_RTOS_V2/cmsis_os2.c.obj
                0x08006ad6                osThreadNew
 .text.osDelay  0x08006bfa       0x36 cmake/stm32cubemx/CMakeFiles/FreeRTOS.dir/__/__/Middlewares/Third_Party/FreeRTOS/Source/CMSIS_RTOS_V2/cmsis_os2.c.obj
                0x08006bfa                osDelay
 .text.osDelayUntil
                0x08006c30       0x5a cmake/stm32cubemx/CMakeFiles/FreeRTOS.dir/__/__/Middlewares/Third_Party/FreeRTOS/Source/CMSIS_RTOS_V2/cmsis_os2.c.obj
                0x08006c30                osDelayUntil
 .text.osMessageQueueNew
                0x08006c8a       0xe6 cmake/stm32cubemx/CMakeFiles/FreeRTOS.dir/__/__/Middlewares/Third_Party/FreeRTOS/Source/CMSIS_RTOS_V2/cmsis_os2.c.obj
                0x08006c8a                osMessageQueueNew
 .text.osMessageQueuePut
                0x08006d70       0xc0 cmake/stm32cubemx/CMakeFiles/FreeRTOS.dir/__/__/Middlewares/Third_Party/FreeRTOS/Source/CMSIS_RTOS_V2/cmsis_os2.c.obj
                0x08006d70                osMessageQueuePut
 .text.osMessageQueueGet
                0x08006e30       0xbc cmake/stm32cubemx/CMakeFiles/FreeRTOS.dir/__/__/Middlewares/Third_Party/FreeRTOS/Source/CMSIS_RTOS_V2/cmsis_os2.c.obj
                0x08006e30                osMessageQueueGet
 .text.vApplicationGetIdleTaskMemory
                0x08006eec       0x34 cmake/stm32cubemx/CMakeFiles/FreeRTOS.dir/__/__/Middlewares/Third_Party/FreeRTOS/Source/CMSIS_RTOS_V2/cmsis_os2.c.obj
                0x08006eec                vApplicationGetIdleTaskMemory
 .text.vApplicationGetTimerTaskMemory
                0x08006f20       0x34 cmake/stm32cubemx/CMakeFiles/FreeRTOS.dir/__/__/Middlewares/Third_Party/FreeRTOS/Source/CMSIS_RTOS_V2/cmsis_os2.c.obj
                0x08006f20                vApplicationGetTimerTaskMemory
 .text.pvPortMalloc
                0x08006f54      0x19c cmake/stm32cubemx/CMakeFiles/FreeRTOS.dir/__/__/Middlewares/Third_Party/FreeRTOS/Source/portable/MemMang/heap_4.c.obj
                0x08006f54                pvPortMalloc
 .text.vPortFree
                0x080070f0       0xc8 cmake/stm32cubemx/CMakeFiles/FreeRTOS.dir/__/__/Middlewares/Third_Party/FreeRTOS/Source/portable/MemMang/heap_4.c.obj
                0x080070f0                vPortFree
 .text.prvHeapInit
                0x080071b8       0xc4 cmake/stm32cubemx/CMakeFiles/FreeRTOS.dir/__/__/Middlewares/Third_Party/FreeRTOS/Source/portable/MemMang/heap_4.c.obj
 .text.prvInsertBlockIntoFreeList
                0x0800727c       0xb4 cmake/stm32cubemx/CMakeFiles/FreeRTOS.dir/__/__/Middlewares/Third_Party/FreeRTOS/Source/portable/MemMang/heap_4.c.obj
 .text.pxPortInitialiseStack
                0x08007330       0x68 cmake/stm32cubemx/CMakeFiles/FreeRTOS.dir/__/__/Middlewares/Third_Party/FreeRTOS/Source/portable/GCC/ARM_CM4F/port.c.obj
                0x08007330                pxPortInitialiseStack
 .text.prvTaskExitError
                0x08007398       0x5c cmake/stm32cubemx/CMakeFiles/FreeRTOS.dir/__/__/Middlewares/Third_Party/FreeRTOS/Source/portable/GCC/ARM_CM4F/port.c.obj
 *fill*         0x080073f4        0xc 
 .text.SVC_Handler
                0x08007400       0x28 cmake/stm32cubemx/CMakeFiles/FreeRTOS.dir/__/__/Middlewares/Third_Party/FreeRTOS/Source/portable/GCC/ARM_CM4F/port.c.obj
                0x08007400                SVC_Handler
 .text.prvPortStartFirstTask
                0x08007428       0x28 cmake/stm32cubemx/CMakeFiles/FreeRTOS.dir/__/__/Middlewares/Third_Party/FreeRTOS/Source/portable/GCC/ARM_CM4F/port.c.obj
 .text.xPortStartScheduler
                0x08007450      0x148 cmake/stm32cubemx/CMakeFiles/FreeRTOS.dir/__/__/Middlewares/Third_Party/FreeRTOS/Source/portable/GCC/ARM_CM4F/port.c.obj
                0x08007450                xPortStartScheduler
 .text.vPortEnterCritical
                0x08007598       0x64 cmake/stm32cubemx/CMakeFiles/FreeRTOS.dir/__/__/Middlewares/Third_Party/FreeRTOS/Source/portable/GCC/ARM_CM4F/port.c.obj
                0x08007598                vPortEnterCritical
 .text.vPortExitCritical
                0x080075fc       0x54 cmake/stm32cubemx/CMakeFiles/FreeRTOS.dir/__/__/Middlewares/Third_Party/FreeRTOS/Source/portable/GCC/ARM_CM4F/port.c.obj
                0x080075fc                vPortExitCritical
 .text.PendSV_Handler
                0x08007650       0x68 cmake/stm32cubemx/CMakeFiles/FreeRTOS.dir/__/__/Middlewares/Third_Party/FreeRTOS/Source/portable/GCC/ARM_CM4F/port.c.obj
                0x08007650                PendSV_Handler
 .text.xPortSysTickHandler
                0x080076b8       0x44 cmake/stm32cubemx/CMakeFiles/FreeRTOS.dir/__/__/Middlewares/Third_Party/FreeRTOS/Source/portable/GCC/ARM_CM4F/port.c.obj
                0x080076b8                xPortSysTickHandler
 .text.vPortSetupTimerInterrupt
                0x080076fc       0x48 cmake/stm32cubemx/CMakeFiles/FreeRTOS.dir/__/__/Middlewares/Third_Party/FreeRTOS/Source/portable/GCC/ARM_CM4F/port.c.obj
                0x080076fc                vPortSetupTimerInterrupt
 .text.vPortEnableVFP
                0x08007744       0x14 cmake/stm32cubemx/CMakeFiles/FreeRTOS.dir/__/__/Middlewares/Third_Party/FreeRTOS/Source/portable/GCC/ARM_CM4F/port.c.obj
 .text.vPortValidateInterruptPriority
                0x08007758       0x84 cmake/stm32cubemx/CMakeFiles/FreeRTOS.dir/__/__/Middlewares/Third_Party/FreeRTOS/Source/portable/GCC/ARM_CM4F/port.c.obj
                0x08007758                vPortValidateInterruptPriority
 .text.main     0x080077dc       0x3a CMakeFiles/26H_Remake.dir/Core/Src/main.c.obj
                0x080077dc                main
 *fill*         0x08007816        0x2 
 .text.SystemClock_Config
                0x08007818       0xd4 CMakeFiles/26H_Remake.dir/Core/Src/main.c.obj
                0x08007818                SystemClock_Config
 .text.Error_Handler
                0x080078ec        0xc CMakeFiles/26H_Remake.dir/Core/Src/main.c.obj
                0x080078ec                Error_Handler
 .text.MX_GPIO_Init
                0x080078f8       0xdc CMakeFiles/26H_Remake.dir/Core/Src/gpio.c.obj
                0x080078f8                MX_GPIO_Init
 .text.MX_FREERTOS_Init
                0x080079d4       0xdc CMakeFiles/26H_Remake.dir/Core/Src/freertos.c.obj
                0x080079d4                MX_FREERTOS_Init
 .text.StartBlueLEDTask
                0x08007ab0       0x10 CMakeFiles/26H_Remake.dir/Core/Src/freertos.c.obj
                0x08007ab0                StartBlueLEDTask
 .text.MX_CAN1_Init
                0x08007ac0       0x70 CMakeFiles/26H_Remake.dir/Core/Src/can.c.obj
                0x08007ac0                MX_CAN1_Init
 .text.HAL_CAN_MspInit
                0x08007b30       0xb0 CMakeFiles/26H_Remake.dir/Core/Src/can.c.obj
                0x08007b30                HAL_CAN_MspInit
 .text.MX_DMA_Init
                0x08007be0       0x70 CMakeFiles/26H_Remake.dir/Core/Src/dma.c.obj
                0x08007be0                MX_DMA_Init
 .text.MX_USART1_UART_Init
                0x08007c50       0x54 CMakeFiles/26H_Remake.dir/Core/Src/usart.c.obj
                0x08007c50                MX_USART1_UART_Init
 .text.MX_USART6_UART_Init
                0x08007ca4       0x54 CMakeFiles/26H_Remake.dir/Core/Src/usart.c.obj
                0x08007ca4                MX_USART6_UART_Init
 .text.HAL_UART_MspInit
                0x08007cf8      0x2f8 CMakeFiles/26H_Remake.dir/Core/Src/usart.c.obj
                0x08007cf8                HAL_UART_MspInit
 .text.NMI_Handler
                0x08007ff0        0x8 CMakeFiles/26H_Remake.dir/Core/Src/stm32f4xx_it.c.obj
                0x08007ff0                NMI_Handler
 .text.HardFault_Handler
                0x08007ff8        0x8 CMakeFiles/26H_Remake.dir/Core/Src/stm32f4xx_it.c.obj
                0x08007ff8                HardFault_Handler
 .text.MemManage_Handler
                0x08008000        0x8 CMakeFiles/26H_Remake.dir/Core/Src/stm32f4xx_it.c.obj
                0x08008000                MemManage_Handler
 .text.BusFault_Handler
                0x08008008        0x8 CMakeFiles/26H_Remake.dir/Core/Src/stm32f4xx_it.c.obj
                0x08008008                BusFault_Handler
 .text.UsageFault_Handler
                0x08008010        0x8 CMakeFiles/26H_Remake.dir/Core/Src/stm32f4xx_it.c.obj
                0x08008010                UsageFault_Handler
 .text.DebugMon_Handler
                0x08008018        0xe CMakeFiles/26H_Remake.dir/Core/Src/stm32f4xx_it.c.obj
                0x08008018                DebugMon_Handler
 .text.SysTick_Handler
                0x08008026       0x1a CMakeFiles/26H_Remake.dir/Core/Src/stm32f4xx_it.c.obj
                0x08008026                SysTick_Handler
 .text.CAN1_RX0_IRQHandler
                0x08008040       0x14 CMakeFiles/26H_Remake.dir/Core/Src/stm32f4xx_it.c.obj
                0x08008040                CAN1_RX0_IRQHandler
 .text.CAN1_RX1_IRQHandler
                0x08008054       0x14 CMakeFiles/26H_Remake.dir/Core/Src/stm32f4xx_it.c.obj
                0x08008054                CAN1_RX1_IRQHandler
 .text.USART1_IRQHandler
                0x08008068       0x14 CMakeFiles/26H_Remake.dir/Core/Src/stm32f4xx_it.c.obj
                0x08008068                USART1_IRQHandler
 .text.DMA2_Stream1_IRQHandler
                0x0800807c       0x14 CMakeFiles/26H_Remake.dir/Core/Src/stm32f4xx_it.c.obj
                0x0800807c                DMA2_Stream1_IRQHandler
 .text.DMA2_Stream2_IRQHandler
                0x08008090       0x14 CMakeFiles/26H_Remake.dir/Core/Src/stm32f4xx_it.c.obj
                0x08008090                DMA2_Stream2_IRQHandler
 .text.DMA2_Stream6_IRQHandler
                0x080080a4       0x14 CMakeFiles/26H_Remake.dir/Core/Src/stm32f4xx_it.c.obj
                0x080080a4                DMA2_Stream6_IRQHandler
 .text.DMA2_Stream7_IRQHandler
                0x080080b8       0x14 CMakeFiles/26H_Remake.dir/Core/Src/stm32f4xx_it.c.obj
                0x080080b8                DMA2_Stream7_IRQHandler
 .text.USART6_IRQHandler
                0x080080cc       0x14 CMakeFiles/26H_Remake.dir/Core/Src/stm32f4xx_it.c.obj
                0x080080cc                USART6_IRQHandler
 .text.HAL_MspInit
                0x080080e0       0x58 CMakeFiles/26H_Remake.dir/Core/Src/stm32f4xx_hal_msp.c.obj
                0x080080e0                HAL_MspInit
 .text._sbrk    0x08008138       0x6c CMakeFiles/26H_Remake.dir/Core/Src/sysmem.c.obj
                0x08008138                _sbrk
 .text._getpid  0x080081a4       0x10 CMakeFiles/26H_Remake.dir/Core/Src/syscalls.c.obj
                0x080081a4                _getpid
 .text._kill    0x080081b4       0x20 CMakeFiles/26H_Remake.dir/Core/Src/syscalls.c.obj
                0x080081b4                _kill
 .text._exit    0x080081d4       0x16 CMakeFiles/26H_Remake.dir/Core/Src/syscalls.c.obj
                0x080081d4                _exit
 .text._read    0x080081ea       0x3a CMakeFiles/26H_Remake.dir/Core/Src/syscalls.c.obj
                0x080081ea                _read
 .text._write   0x08008224       0x38 CMakeFiles/26H_Remake.dir/Core/Src/syscalls.c.obj
                0x08008224                _write
 .text._close   0x0800825c       0x18 CMakeFiles/26H_Remake.dir/Core/Src/syscalls.c.obj
                0x0800825c                _close
 .text._fstat   0x08008274       0x20 CMakeFiles/26H_Remake.dir/Core/Src/syscalls.c.obj
                0x08008274                _fstat
 .text._isatty  0x08008294       0x16 CMakeFiles/26H_Remake.dir/Core/Src/syscalls.c.obj
                0x08008294                _isatty
 .text._lseek   0x080082aa       0x1a CMakeFiles/26H_Remake.dir/Core/Src/syscalls.c.obj
                0x080082aa                _lseek
 .text.Reset_Handler
                0x080082c4       0x50 CMakeFiles/26H_Remake.dir/startup_stm32f407xx.s.obj
                0x080082c4                Reset_Handler
 .text.Default_Handler
                0x08008314        0x2 CMakeFiles/26H_Remake.dir/startup_stm32f407xx.s.obj
                0x08008314                RTC_Alarm_IRQHandler
                0x08008314                HASH_RNG_IRQHandler
                0x08008314                EXTI2_IRQHandler
                0x08008314                TIM8_CC_IRQHandler
                0x08008314                TIM1_CC_IRQHandler
                0x08008314                DMA2_Stream5_IRQHandler
                0x08008314                DMA1_Stream5_IRQHandler
                0x08008314                PVD_IRQHandler
                0x08008314                SDIO_IRQHandler
                0x08008314                TAMP_STAMP_IRQHandler
                0x08008314                CAN2_RX1_IRQHandler
                0x08008314                EXTI3_IRQHandler
                0x08008314                TIM8_TRG_COM_TIM14_IRQHandler
                0x08008314                TIM1_UP_TIM10_IRQHandler
                0x08008314                TIM8_UP_TIM13_IRQHandler
                0x08008314                I2C3_ER_IRQHandler
                0x08008314                EXTI0_IRQHandler
                0x08008314                I2C2_EV_IRQHandler
                0x08008314                DMA1_Stream2_IRQHandler
                0x08008314                FPU_IRQHandler
                0x08008314                OTG_HS_WKUP_IRQHandler
                0x08008314                CAN2_SCE_IRQHandler
                0x08008314                SPI1_IRQHandler
                0x08008314                TIM6_DAC_IRQHandler
                0x08008314                TIM1_BRK_TIM9_IRQHandler
                0x08008314                DCMI_IRQHandler
                0x08008314                CAN2_RX0_IRQHandler
                0x08008314                DMA2_Stream3_IRQHandler
                0x08008314                USART3_IRQHandler
                0x08008314                UART5_IRQHandler
                0x08008314                DMA2_Stream0_IRQHandler
                0x08008314                TIM4_IRQHandler
                0x08008314                I2C1_EV_IRQHandler
                0x08008314                DMA1_Stream6_IRQHandler
                0x08008314                DMA1_Stream1_IRQHandler
                0x08008314                UART4_IRQHandler
                0x08008314                TIM3_IRQHandler
                0x08008314                RCC_IRQHandler
                0x08008314                TIM8_BRK_TIM12_IRQHandler
                0x08008314                Default_Handler
                0x08008314                EXTI15_10_IRQHandler
                0x08008314                ADC_IRQHandler
                0x08008314                DMA1_Stream7_IRQHandler
                0x08008314                TIM7_IRQHandler
                0x08008314                CAN2_TX_IRQHandler
                0x08008314                TIM5_IRQHandler
                0x08008314                I2C3_EV_IRQHandler
                0x08008314                EXTI9_5_IRQHandler
                0x08008314                RTC_WKUP_IRQHandler
                0x08008314                ETH_WKUP_IRQHandler
                0x08008314                SPI2_IRQHandler
                0x08008314                OTG_HS_EP1_IN_IRQHandler
                0x08008314                DMA1_Stream0_IRQHandler
                0x08008314                CAN1_TX_IRQHandler
                0x08008314                EXTI4_IRQHandler
                0x08008314                FSMC_IRQHandler
                0x08008314                ETH_IRQHandler
                0x08008314                OTG_HS_EP1_OUT_IRQHandler
                0x08008314                WWDG_IRQHandler
                0x08008314                TIM2_IRQHandler
                0x08008314                OTG_FS_WKUP_IRQHandler
                0x08008314                TIM1_TRG_COM_TIM11_IRQHandler
                0x08008314                OTG_HS_IRQHandler
                0x08008314                EXTI1_IRQHandler
                0x08008314                USART2_IRQHandler
                0x08008314                I2C2_ER_IRQHandler
                0x08008314                CAN1_SCE_IRQHandler
                0x08008314                FLASH_IRQHandler
                0x08008314                DMA2_Stream4_IRQHandler
                0x08008314                OTG_FS_IRQHandler
                0x08008314                SPI3_IRQHandler
                0x08008314                DMA1_Stream4_IRQHandler
                0x08008314                I2C1_ER_IRQHandler
                0x08008314                DMA1_Stream3_IRQHandler
 *fill*         0x08008316        0x2 
 .text.LED_On   0x08008318       0x18 CMakeFiles/26H_Remake.dir/Hardware/LED.c.obj
                0x08008318                LED_On
 .text.Serial_EnterCritical
                0x08008330       0x22 CMakeFiles/26H_Remake.dir/Hardware/Serial.c.obj
 .text.Serial_ExitCritical
                0x08008352       0x1e CMakeFiles/26H_Remake.dir/Hardware/Serial.c.obj
 .text.Serial_RxBufferPush
                0x08008370       0x68 CMakeFiles/26H_Remake.dir/Hardware/Serial.c.obj
 .text.Serial_TryStartTxDma
                0x080083d8       0xc4 CMakeFiles/26H_Remake.dir/Hardware/Serial.c.obj
 .text.Serial_TxBufferPush
                0x0800849c       0x78 CMakeFiles/26H_Remake.dir/Hardware/Serial.c.obj
 .text.Serial_Init
                0x08008514       0x74 CMakeFiles/26H_Remake.dir/Hardware/Serial.c.obj
                0x08008514                Serial_Init
 .text.Serial_SendByte
                0x08008588       0x1a CMakeFiles/26H_Remake.dir/Hardware/Serial.c.obj
                0x08008588                Serial_SendByte
 .text.Serial_SendString
                0x080085a2       0x3e CMakeFiles/26H_Remake.dir/Hardware/Serial.c.obj
                0x080085a2                Serial_SendString
 .text.Serial_Printf
                0x080085e0       0x40 CMakeFiles/26H_Remake.dir/Hardware/Serial.c.obj
                0x080085e0                Serial_Printf
 .text.Serial_GetRxByte
                0x08008620       0x90 CMakeFiles/26H_Remake.dir/Hardware/Serial.c.obj
                0x08008620                Serial_GetRxByte
 .text.Serial_GetRxOverflow
                0x080086b0       0x18 CMakeFiles/26H_Remake.dir/Hardware/Serial.c.obj
                0x080086b0                Serial_GetRxOverflow
 .text.Serial_ClearRxOverflow
                0x080086c8       0x18 CMakeFiles/26H_Remake.dir/Hardware/Serial.c.obj
                0x080086c8                Serial_ClearRxOverflow
 .text.Serial_OnTxCplt
                0x080086e0       0x64 CMakeFiles/26H_Remake.dir/Hardware/Serial.c.obj
                0x080086e0                Serial_OnTxCplt
 .text.Serial_OnError
                0x08008744       0x4c CMakeFiles/26H_Remake.dir/Hardware/Serial.c.obj
                0x08008744                Serial_OnError
 .text.HAL_UART_RxCpltCallback
                0x08008790       0x3c CMakeFiles/26H_Remake.dir/Hardware/Serial.c.obj
                0x08008790                HAL_UART_RxCpltCallback
 .text._ZSt23__is_constant_evaluatedv
                0x080087cc       0x10 CMakeFiles/26H_Remake.dir/Devices/QD4310.cpp.obj
                0x080087cc                std::__is_constant_evaluated()
 .text._ZNK6QD431011SendCommandENS_7CommandEs
                0x080087dc       0xf8 CMakeFiles/26H_Remake.dir/Devices/QD4310.cpp.obj
                0x080087dc                QD4310::SendCommand(QD4310::Command, short) const
 .text._ZN6QD43106updateEPKh
                0x080088d4       0xb0 CMakeFiles/26H_Remake.dir/Devices/QD4310.cpp.obj
                0x080088d4                QD4310::update(unsigned char const*)
 .text._ZNK6QD43103nopEv
                0x08008984       0x1a CMakeFiles/26H_Remake.dir/Devices/QD4310.cpp.obj
                0x08008984                QD4310::nop() const
 *fill*         0x0800899e        0x2 
 .text._ZNK6QD431010setCurrentEf
                0x080089a0       0x68 CMakeFiles/26H_Remake.dir/Devices/QD4310.cpp.obj
                0x080089a0                QD4310::setCurrent(float) const
 .text._ZSt5clampIfERKT_S2_S2_S2_
                0x08008a08       0x50 CMakeFiles/26H_Remake.dir/Devices/QD4310.cpp.obj
                0x08008a08                float const& std::clamp<float>(float const&, float const&, float const&)
 .text._ZSt3maxIfERKT_S2_S2_
                0x08008a58       0x32 CMakeFiles/26H_Remake.dir/Devices/QD4310.cpp.obj
                0x08008a58                float const& std::max<float>(float const&, float const&)
 .text._ZSt3minIfERKT_S2_S2_
                0x08008a8a       0x32 CMakeFiles/26H_Remake.dir/Devices/QD4310.cpp.obj
                0x08008a8a                float const& std::min<float>(float const&, float const&)
 .text._ZN12_GLOBAL__N_118PublishLatestStateERK19BallStateEstimate_t
                0x08008abc       0x84 CMakeFiles/26H_Remake.dir/APP/src/BallStateTask.cpp.obj
 .text.BallStateStoreLatest
                0x08008b40       0x44 CMakeFiles/26H_Remake.dir/APP/src/BallStateTask.cpp.obj
                0x08008b40                BallStateStoreLatest
 .text.BallStateGetLatest
                0x08008b84       0x5c CMakeFiles/26H_Remake.dir/APP/src/BallStateTask.cpp.obj
                0x08008b84                BallStateGetLatest
 .text.BallStateTask
                0x08008be0       0xa4 CMakeFiles/26H_Remake.dir/APP/src/BallStateTask.cpp.obj
                0x08008be0                BallStateTask
 .text._ZSt8isfinitef
                0x08008c84       0x48 CMakeFiles/26H_Remake.dir/APP/src/CommunicationTask.cpp.obj
                0x08008c84                std::isfinite(float)
 .text._ZSt6lroundf
                0x08008ccc       0x1c CMakeFiles/26H_Remake.dir/APP/src/CommunicationTask.cpp.obj
                0x08008ccc                std::lround(float)
 .text._ZN12_GLOBAL__N_1L11ReverseBitsEh
                0x08008ce8       0x5c CMakeFiles/26H_Remake.dir/APP/src/CommunicationTask.cpp.obj
 .text._ZN12_GLOBAL__N_14CRC8EPKhmhhhbb
                0x08008d44       0xb6 CMakeFiles/26H_Remake.dir/APP/src/CommunicationTask.cpp.obj
 *fill*         0x08008dfa        0x2 
 .text._ZN12_GLOBAL__N_125StartRaspberryUartReceiveEv
                0x08008dfc       0x48 CMakeFiles/26H_Remake.dir/APP/src/CommunicationTask.cpp.obj
 .text._ZN12_GLOBAL__N_117DecodePiRxPackageEtP13VisionFrame_t
                0x08008e44       0xac CMakeFiles/26H_Remake.dir/APP/src/CommunicationTask.cpp.obj
 .text._ZN12_GLOBAL__N_122StoreLatestVisionFrameERK13VisionFrame_t
                0x08008ef0       0x38 CMakeFiles/26H_Remake.dir/APP/src/CommunicationTask.cpp.obj
 .text._ZN12_GLOBAL__N_118IsVisionFrameFreshEm
                0x08008f28       0x4c CMakeFiles/26H_Remake.dir/APP/src/CommunicationTask.cpp.obj
 .text._ZN12_GLOBAL__N_113ToInt32ScaledEff
                0x08008f74       0x46 CMakeFiles/26H_Remake.dir/APP/src/CommunicationTask.cpp.obj
 *fill*         0x08008fba        0x2 
 .text._ZN12_GLOBAL__N_113SendTelemetryEv
                0x08008fbc      0x16c CMakeFiles/26H_Remake.dir/APP/src/CommunicationTask.cpp.obj
 .text.Communication_GetLatestVisionFrame
                0x08009128       0x6c CMakeFiles/26H_Remake.dir/APP/src/CommunicationTask.cpp.obj
                0x08009128                Communication_GetLatestVisionFrame
 .text.StartCommunicationTask
                0x08009194       0x84 CMakeFiles/26H_Remake.dir/APP/src/CommunicationTask.cpp.obj
                0x08009194                StartCommunicationTask
 .text.HAL_UARTEx_RxEventCallback
                0x08009218       0x90 CMakeFiles/26H_Remake.dir/APP/src/CommunicationTask.cpp.obj
                0x08009218                HAL_UARTEx_RxEventCallback
 .text.HAL_UART_TxCpltCallback
                0x080092a8       0x2c CMakeFiles/26H_Remake.dir/APP/src/CommunicationTask.cpp.obj
                0x080092a8                HAL_UART_TxCpltCallback
 .text.HAL_UART_ErrorCallback
                0x080092d4       0x38 CMakeFiles/26H_Remake.dir/APP/src/CommunicationTask.cpp.obj
                0x080092d4                HAL_UART_ErrorCallback
 .text._ZNK18BallBeamController13getActiveTaskEv
                0x0800930c       0x1a CMakeFiles/26H_Remake.dir/APP/src/DebugTask.cpp.obj
                0x0800930c                BallBeamController::getActiveTask() const
 .text._ZNK18BallBeamController12isTaskActiveEv
                0x08009326       0x24 CMakeFiles/26H_Remake.dir/APP/src/DebugTask.cpp.obj
                0x08009326                BallBeamController::isTaskActive() const
 .text._ZNK18BallBeamController13getBallTargetEv
                0x0800934a       0x20 CMakeFiles/26H_Remake.dir/APP/src/DebugTask.cpp.obj
                0x0800934a                BallBeamController::getBallTarget() const
 .text._ZNK18BallBeamController8getBallXEv
                0x0800936a       0x20 CMakeFiles/26H_Remake.dir/APP/src/DebugTask.cpp.obj
                0x0800936a                BallBeamController::getBallX() const
 .text._ZNK18BallBeamController9getBallVxEv
                0x0800938a       0x20 CMakeFiles/26H_Remake.dir/APP/src/DebugTask.cpp.obj
                0x0800938a                BallBeamController::getBallVx() const
 .text._ZNK18BallBeamController17getEstimatedBallXEv
                0x080093aa       0x20 CMakeFiles/26H_Remake.dir/APP/src/DebugTask.cpp.obj
                0x080093aa                BallBeamController::getEstimatedBallX() const
 .text._ZNK18BallBeamController18getEstimatedBallVxEv
                0x080093ca       0x20 CMakeFiles/26H_Remake.dir/APP/src/DebugTask.cpp.obj
                0x080093ca                BallBeamController::getEstimatedBallVx() const
 .text._ZNK18BallBeamController19getBallAngleCommandEv
                0x080093ea       0x20 CMakeFiles/26H_Remake.dir/APP/src/DebugTask.cpp.obj
                0x080093ea                BallBeamController::getBallAngleCommand() const
 .text._ZNK18BallBeamController22getBallBrakePOffsetDegEv
                0x0800940a       0x20 CMakeFiles/26H_Remake.dir/APP/src/DebugTask.cpp.obj
                0x0800940a                BallBeamController::getBallBrakePOffsetDeg() const
 .text._ZNK18BallBeamController24getBallTerminalOffsetDegEv
                0x0800942a       0x20 CMakeFiles/26H_Remake.dir/APP/src/DebugTask.cpp.obj
                0x0800942a                BallBeamController::getBallTerminalOffsetDeg() const
 .text._ZNK18BallBeamController18isBallBrakePActiveEv
                0x0800944a       0x1a CMakeFiles/26H_Remake.dir/APP/src/DebugTask.cpp.obj
                0x0800944a                BallBeamController::isBallBrakePActive() const
 .text._ZNK18BallBeamController24isBallTerminalPushActiveEv
                0x08009464       0x1a CMakeFiles/26H_Remake.dir/APP/src/DebugTask.cpp.obj
                0x08009464                BallBeamController::isBallTerminalPushActive() const
 .text._ZNK18BallBeamController24isBallTerminalTrimActiveEv
                0x0800947e       0x1a CMakeFiles/26H_Remake.dir/APP/src/DebugTask.cpp.obj
                0x0800947e                BallBeamController::isBallTerminalTrimActive() const
 .text._ZNK18BallBeamController29isBallTerminalBrakeGateActiveEv
                0x08009498       0x1a CMakeFiles/26H_Remake.dir/APP/src/DebugTask.cpp.obj
                0x08009498                BallBeamController::isBallTerminalBrakeGateActive() const
 .text._ZNK18BallBeamController20getBallSequenceStageEv
                0x080094b2       0x1a CMakeFiles/26H_Remake.dir/APP/src/DebugTask.cpp.obj
                0x080094b2                BallBeamController::getBallSequenceStage() const
 .text._ZNK18BallBeamController12getVisionSeqEv
                0x080094cc       0x1a CMakeFiles/26H_Remake.dir/APP/src/DebugTask.cpp.obj
                0x080094cc                BallBeamController::getVisionSeq() const
 .text._ZNK18BallBeamController17getLastVisionTickEv
                0x080094e6       0x1a CMakeFiles/26H_Remake.dir/APP/src/DebugTask.cpp.obj
                0x080094e6                BallBeamController::getLastVisionTick() const
 .text._ZN12_GLOBAL__N_19NextTokenEv
                0x08009500       0x18 CMakeFiles/26H_Remake.dir/APP/src/DebugTask.cpp.obj
 .text._ZN12_GLOBAL__N_110ParseFloatEPcPf
                0x08009518       0x52 CMakeFiles/26H_Remake.dir/APP/src/DebugTask.cpp.obj
 .text._ZN12_GLOBAL__N_116ParseThreeFloatsEPfS0_S0_
                0x0800956a       0x56 CMakeFiles/26H_Remake.dir/APP/src/DebugTask.cpp.obj
 .text._ZN12_GLOBAL__N_115ParseFourFloatsEPfS0_S0_S0_
                0x080095c0       0x40 CMakeFiles/26H_Remake.dir/APP/src/DebugTask.cpp.obj
 .text._ZN12_GLOBAL__N_122ParseThreeOrFourFloatsEPfS0_S0_S0_
                0x08009600       0x54 CMakeFiles/26H_Remake.dir/APP/src/DebugTask.cpp.obj
 .text._ZN12_GLOBAL__N_111PrintFixed2EPKcfS1_
                0x08009654       0xac CMakeFiles/26H_Remake.dir/APP/src/DebugTask.cpp.obj
 .text._ZN12_GLOBAL__N_114PrintCsvSampleEv
                0x08009700      0x1e4 CMakeFiles/26H_Remake.dir/APP/src/DebugTask.cpp.obj
 .text._ZN12_GLOBAL__N_120PrintVisionCsvSampleEPK13VisionFrame_tb
                0x080098e4      0x13c CMakeFiles/26H_Remake.dir/APP/src/DebugTask.cpp.obj
 .text._ZN12_GLOBAL__N_111PostCommandE16DebugCommandId_tffff
                0x08009a20       0x70 CMakeFiles/26H_Remake.dir/APP/src/DebugTask.cpp.obj
 .text._ZN12_GLOBAL__N_111ExecuteLineEPc
                0x08009a90     0x16a8 CMakeFiles/26H_Remake.dir/APP/src/DebugTask.cpp.obj
 .text._ZN12_GLOBAL__N_18PushCharEh
                0x0800b138       0x94 CMakeFiles/26H_Remake.dir/APP/src/DebugTask.cpp.obj
 .text.DebugTask
                0x0800b1cc       0xe0 CMakeFiles/26H_Remake.dir/APP/src/DebugTask.cpp.obj
                0x0800b1cc                DebugTask
 .text._ZN6QD4310C2EP17CAN_HandleTypeDefh
                0x0800b2ac       0x5e CMakeFiles/26H_Remake.dir/APP/src/GimbalTask.cpp.obj
                0x0800b2ac                QD4310::QD4310(CAN_HandleTypeDef*, unsigned char)
                0x0800b2ac                QD4310::QD4310(CAN_HandleTypeDef*, unsigned char)
 .text._ZN3PIDC2ENS_8PID_typeEfffffff
                0x0800b30a       0x92 CMakeFiles/26H_Remake.dir/APP/src/GimbalTask.cpp.obj
                0x0800b30a                PID::PID(PID::PID_type, float, float, float, float, float, float, float)
                0x0800b30a                PID::PID(PID::PID_type, float, float, float, float, float, float, float)
 .text._ZN17QDMotorControllerC2ER6QD4310RK3PIDS4_ff
                0x0800b39c      0x11a CMakeFiles/26H_Remake.dir/APP/src/GimbalTask.cpp.obj
                0x0800b39c                QDMotorController::QDMotorController(QD4310&, PID const&, PID const&, float, float)
                0x0800b39c                QDMotorController::QDMotorController(QD4310&, PID const&, PID const&, float, float)
 *fill*         0x0800b4b6        0x2 
 .text._ZN18BallBeamControllerC2ER6QD4310RK3PIDS4_ff
                0x0800b4b8      0x53c CMakeFiles/26H_Remake.dir/APP/src/GimbalTask.cpp.obj
                0x0800b4b8                BallBeamController::BallBeamController(QD4310&, PID const&, PID const&, float, float)
                0x0800b4b8                BallBeamController::BallBeamController(QD4310&, PID const&, PID const&, float, float)
 .text._ZNK18BallBeamController15getBalanceAngleEv
                0x0800b9f4       0x20 CMakeFiles/26H_Remake.dir/APP/src/GimbalTask.cpp.obj
                0x0800b9f4                BallBeamController::getBalanceAngle() const
 .text._ZN12_GLOBAL__N_117CAN_InterfaceInitEv
                0x0800ba14       0x9c CMakeFiles/26H_Remake.dir/APP/src/GimbalTask.cpp.obj
 .text._ZN12_GLOBAL__N_118UpdateMotorFromCanEP17CAN_HandleTypeDef
                0x0800bab0       0x84 CMakeFiles/26H_Remake.dir/APP/src/GimbalTask.cpp.obj
 .text._ZN12_GLOBAL__N_116EnsureMotorReadyEv
                0x0800bb34       0x28 CMakeFiles/26H_Remake.dir/APP/src/GimbalTask.cpp.obj
 .text._ZN12_GLOBAL__N_119ExecuteDebugCommandERK14DebugCommand_t
                0x0800bb5c      0x640 CMakeFiles/26H_Remake.dir/APP/src/GimbalTask.cpp.obj
 .text._ZN12_GLOBAL__N_120ProcessDebugCommandsEv
                0x0800c19c       0x54 CMakeFiles/26H_Remake.dir/APP/src/GimbalTask.cpp.obj
 .text._ZN12_GLOBAL__N_116ProcessBallStateEv
                0x0800c1f0       0x9c CMakeFiles/26H_Remake.dir/APP/src/GimbalTask.cpp.obj
 .text._ZN12_GLOBAL__N_115AutoEnableMotorEv
                0x0800c28c       0x40 CMakeFiles/26H_Remake.dir/APP/src/GimbalTask.cpp.obj
 .text.GimbalTask
                0x0800c2cc       0x48 CMakeFiles/26H_Remake.dir/APP/src/GimbalTask.cpp.obj
                0x0800c2cc                GimbalTask
 .text.HAL_CAN_RxFifo0MsgPendingCallback
                0x0800c314       0x16 CMakeFiles/26H_Remake.dir/APP/src/GimbalTask.cpp.obj
                0x0800c314                HAL_CAN_RxFifo0MsgPendingCallback
 *fill*         0x0800c32a        0x2 
 .text._Z41__static_initialization_and_destruction_0v
                0x0800c32c       0xb0 CMakeFiles/26H_Remake.dir/APP/src/GimbalTask.cpp.obj
 .text._GLOBAL__sub_I_qd_motor
                0x0800c3dc        0xa CMakeFiles/26H_Remake.dir/APP/src/GimbalTask.cpp.obj
 .text._ZNK6QD43106enableEv
                0x0800c3e6       0x1a CMakeFiles/26H_Remake.dir/APP/src/Motortest.cpp.obj
                0x0800c3e6                QD4310::enable() const
 .text._ZNK6QD43107disableEv
                0x0800c400       0x1a CMakeFiles/26H_Remake.dir/APP/src/Motortest.cpp.obj
                0x0800c400                QD4310::disable() const
 *fill*         0x0800c41a        0x2 
 .text._ZN12_GLOBAL__N_111PrintFixed2EPKcfS1_
                0x0800c41c       0x9c CMakeFiles/26H_Remake.dir/APP/src/Motortest.cpp.obj
 .text._ZN12_GLOBAL__N_111PrintFixed3EPKcfS1_
                0x0800c4b8       0x9c CMakeFiles/26H_Remake.dir/APP/src/Motortest.cpp.obj
 .text._ZN12_GLOBAL__N_114PrintCanStatusEv
                0x0800c554       0x58 CMakeFiles/26H_Remake.dir/APP/src/Motortest.cpp.obj
 .text._ZN12_GLOBAL__N_19PrintHelpEv
                0x0800c5ac       0x6c CMakeFiles/26H_Remake.dir/APP/src/Motortest.cpp.obj
 .text._ZN12_GLOBAL__N_111PrintStatusEv
                0x0800c618       0x98 CMakeFiles/26H_Remake.dir/APP/src/Motortest.cpp.obj
 .text._ZN12_GLOBAL__N_115CAN_FilterStartEv
                0x0800c6b0       0xb8 CMakeFiles/26H_Remake.dir/APP/src/Motortest.cpp.obj
 .text._ZN12_GLOBAL__N_110SetCurrentEf
                0x0800c768       0x6c CMakeFiles/26H_Remake.dir/APP/src/Motortest.cpp.obj
 .text._ZN12_GLOBAL__N_113HandleCommandEh
                0x0800c7d4      0x290 CMakeFiles/26H_Remake.dir/APP/src/Motortest.cpp.obj
 .text.MotorTest_Init
                0x0800ca64       0x24 CMakeFiles/26H_Remake.dir/APP/src/Motortest.cpp.obj
                0x0800ca64                MotorTest_Init
 .text.MotorTest_Loop
                0x0800ca88       0x58 CMakeFiles/26H_Remake.dir/APP/src/Motortest.cpp.obj
                0x0800ca88                MotorTest_Loop
 .text._Z41__static_initialization_and_destruction_0v
                0x0800cae0       0x1c CMakeFiles/26H_Remake.dir/APP/src/Motortest.cpp.obj
 .text._GLOBAL__sub_I_MotorTest_Init
                0x0800cafc        0xa CMakeFiles/26H_Remake.dir/APP/src/Motortest.cpp.obj
 .text._ZSt4fabsf
                0x0800cb06       0x20 CMakeFiles/26H_Remake.dir/UserLib/BallBeamController.cpp.obj
                0x0800cb06                std::fabs(float)
 .text._ZN18BallBeamController13enableBalanceEv
                0x0800cb26       0xe6 CMakeFiles/26H_Remake.dir/UserLib/BallBeamController.cpp.obj
                0x0800cb26                BallBeamController::enableBalance()
 .text._ZN18BallBeamController14disableBalanceEv
                0x0800cc0c       0x9c CMakeFiles/26H_Remake.dir/UserLib/BallBeamController.cpp.obj
                0x0800cc0c                BallBeamController::disableBalance()
 .text._ZN18BallBeamController16applyTaskProfileERK19BallBeamTaskProfile
                0x0800cca8      0x1ac CMakeFiles/26H_Remake.dir/UserLib/BallBeamController.cpp.obj
                0x0800cca8                BallBeamController::applyTaskProfile(BallBeamTaskProfile const&)
 .text._ZN18BallBeamController9startTaskENS_6TaskIdE
                0x0800ce54       0xe8 CMakeFiles/26H_Remake.dir/UserLib/BallBeamController.cpp.obj
                0x0800ce54                BallBeamController::startTask(BallBeamController::TaskId)
 .text._ZN18BallBeamController27startTask1SequenceWhenReadyEv
                0x0800cf3c       0x44 CMakeFiles/26H_Remake.dir/UserLib/BallBeamController.cpp.obj
                0x0800cf3c                BallBeamController::startTask1SequenceWhenReady()
 .text._ZN18BallBeamController14initializeTaskEv
                0x0800cf80       0x44 CMakeFiles/26H_Remake.dir/UserLib/BallBeamController.cpp.obj
                0x0800cf80                BallBeamController::initializeTask()
 .text._ZN18BallBeamController8stopTaskEv
                0x0800cfc4       0x16 CMakeFiles/26H_Remake.dir/UserLib/BallBeamController.cpp.obj
                0x0800cfc4                BallBeamController::stopTask()
 .text._ZN18BallBeamController13setBallTargetEf
                0x0800cfda       0x2e CMakeFiles/26H_Remake.dir/UserLib/BallBeamController.cpp.obj
                0x0800cfda                BallBeamController::setBallTarget(float)
 .text._ZN18BallBeamController17startBallSequenceEffff
                0x0800d008       0xb2 CMakeFiles/26H_Remake.dir/UserLib/BallBeamController.cpp.obj
                0x0800d008                BallBeamController::startBallSequence(float, float, float, float)
 *fill*         0x0800d0ba        0x2 
 .text._ZN18BallBeamController15applyBallTargetEf
                0x0800d0bc      0x174 CMakeFiles/26H_Remake.dir/UserLib/BallBeamController.cpp.obj
                0x0800d0bc                BallBeamController::applyBallTarget(float)
 .text._ZN18BallBeamController15setBalanceAngleEf
                0x0800d230      0x11a CMakeFiles/26H_Remake.dir/UserLib/BallBeamController.cpp.obj
                0x0800d230                BallBeamController::setBalanceAngle(float)
 .text._ZN18BallBeamController12setBallGainsEfff
                0x0800d34a       0x8e CMakeFiles/26H_Remake.dir/UserLib/BallBeamController.cpp.obj
                0x0800d34a                BallBeamController::setBallGains(float, float, float)
 .text._ZN18BallBeamController18setBallFeedforwardEf
                0x0800d3d8       0x3a CMakeFiles/26H_Remake.dir/UserLib/BallBeamController.cpp.obj
                0x0800d3d8                BallBeamController::setBallFeedforward(float)
 .text._ZN18BallBeamController23setBallFeedforwardSplitEff
                0x0800d412       0x4c CMakeFiles/26H_Remake.dir/UserLib/BallBeamController.cpp.obj
                0x0800d412                BallBeamController::setBallFeedforwardSplit(float, float)
 *fill*         0x0800d45e        0x2 
 .text._ZN18BallBeamController19setBallVisionWeightEfff
                0x0800d460      0x114 CMakeFiles/26H_Remake.dir/UserLib/BallBeamController.cpp.obj
                0x0800d460                BallBeamController::setBallVisionWeight(float, float, float)
 .text._ZN18BallBeamController14setBallDWeightEfff
                0x0800d574      0x114 CMakeFiles/26H_Remake.dir/UserLib/BallBeamController.cpp.obj
                0x0800d574                BallBeamController::setBallDWeight(float, float, float)
 .text._ZNK18BallBeamController15calculateWeightEffff
                0x0800d688       0xdc CMakeFiles/26H_Remake.dir/UserLib/BallBeamController.cpp.obj
                0x0800d688                BallBeamController::calculateWeight(float, float, float, float) const
 .text._ZN18BallBeamController25setBallBrakePShortProfileEffff
                0x0800d764       0xf0 CMakeFiles/26H_Remake.dir/UserLib/BallBeamController.cpp.obj
                0x0800d764                BallBeamController::setBallBrakePShortProfile(float, float, float, float)
 .text._ZN18BallBeamController24setBallBrakePLongProfileEffff
                0x0800d854       0xf0 CMakeFiles/26H_Remake.dir/UserLib/BallBeamController.cpp.obj
                0x0800d854                BallBeamController::setBallBrakePLongProfile(float, float, float, float)
 .text._ZN18BallBeamController18setBallBrakePSpeedEfff
                0x0800d944       0xae CMakeFiles/26H_Remake.dir/UserLib/BallBeamController.cpp.obj
                0x0800d944                BallBeamController::setBallBrakePSpeed(float, float, float)
 .text._ZN18BallBeamController24setBallBrakePNegativeMaxEf
                0x0800d9f2       0x44 CMakeFiles/26H_Remake.dir/UserLib/BallBeamController.cpp.obj
                0x0800d9f2                BallBeamController::setBallBrakePNegativeMax(float)
 *fill*         0x0800da36        0x2 
 .text._ZN18BallBeamController28updateEffectiveBrakePForMoveEv
                0x0800da38      0x1c4 CMakeFiles/26H_Remake.dir/UserLib/BallBeamController.cpp.obj
                0x0800da38                BallBeamController::updateEffectiveBrakePForMove()
 .text._ZN18BallBeamController24setBallTerminalBrakeGateEff
                0x0800dbfc       0x7a CMakeFiles/26H_Remake.dir/UserLib/BallBeamController.cpp.obj
                0x0800dbfc                BallBeamController::setBallTerminalBrakeGate(float, float)
 .text._ZN18BallBeamController19setBallTerminalPushEffff
                0x0800dc76      0x13c CMakeFiles/26H_Remake.dir/UserLib/BallBeamController.cpp.obj
                0x0800dc76                BallBeamController::setBallTerminalPush(float, float, float, float)
 .text._ZN18BallBeamController27setBallTerminalPushPositiveEffff
                0x0800ddb2       0xcc CMakeFiles/26H_Remake.dir/UserLib/BallBeamController.cpp.obj
                0x0800ddb2                BallBeamController::setBallTerminalPushPositive(float, float, float, float)
 .text._ZN18BallBeamController27setBallTerminalPushNegativeEffff
                0x0800de7e       0xcc CMakeFiles/26H_Remake.dir/UserLib/BallBeamController.cpp.obj
                0x0800de7e                BallBeamController::setBallTerminalPushNegative(float, float, float, float)
 .text._ZNK18BallBeamController21calculateVisionWeightEf
                0x0800df4a       0x42 CMakeFiles/26H_Remake.dir/UserLib/BallBeamController.cpp.obj
                0x0800df4a                BallBeamController::calculateVisionWeight(float) const
 .text._ZNK18BallBeamController16calculateDWeightEf
                0x0800df8c       0x42 CMakeFiles/26H_Remake.dir/UserLib/BallBeamController.cpp.obj
                0x0800df8c                BallBeamController::calculateDWeight(float) const
 .text._ZN18BallBeamController17setBallAngleLimitEf
                0x0800dfce       0x44 CMakeFiles/26H_Remake.dir/UserLib/BallBeamController.cpp.obj
                0x0800dfce                BallBeamController::setBallAngleLimit(float)
 .text._ZN18BallBeamController15setBallDeadbandEff
                0x0800e012       0x7a CMakeFiles/26H_Remake.dir/UserLib/BallBeamController.cpp.obj
                0x0800e012                BallBeamController::setBallDeadband(float, float)
 .text._ZN18BallBeamController22setBallOuterLoopPeriodEf
                0x0800e08c       0x88 CMakeFiles/26H_Remake.dir/UserLib/BallBeamController.cpp.obj
                0x0800e08c                BallBeamController::setBallOuterLoopPeriod(float)
 .text._ZN18BallBeamController15setVisionFilterEfff
                0x0800e114       0xdc CMakeFiles/26H_Remake.dir/UserLib/BallBeamController.cpp.obj
                0x0800e114                BallBeamController::setVisionFilter(float, float, float)
 .text._ZN18BallBeamController28setVisionMeasurementDeadbandEf
                0x0800e1f0       0x44 CMakeFiles/26H_Remake.dir/UserLib/BallBeamController.cpp.obj
                0x0800e1f0                BallBeamController::setVisionMeasurementDeadband(float)
 .text._ZN18BallBeamController21setVisionFilterLimitsEfff
                0x0800e234       0xbc CMakeFiles/26H_Remake.dir/UserLib/BallBeamController.cpp.obj
                0x0800e234                BallBeamController::setVisionFilterLimits(float, float, float)
 .text._ZSt5clampIlERKT_S2_S2_S2_
                0x0800e2f0       0x46 CMakeFiles/26H_Remake.dir/UserLib/BallBeamController.cpp.obj
                0x0800e2f0                long const& std::clamp<long>(long const&, long const&, long const&)
 .text._ZN18BallBeamController17setVisionVelocityEfff
                0x0800e336       0xd8 CMakeFiles/26H_Remake.dir/UserLib/BallBeamController.cpp.obj
                0x0800e336                BallBeamController::setVisionVelocity(float, float, float)
 *fill*         0x0800e40e        0x2 
 .text._ZN18BallBeamController19setVisionPredictionEfff
                0x0800e410       0xd4 CMakeFiles/26H_Remake.dir/UserLib/BallBeamController.cpp.obj
                0x0800e410                BallBeamController::setVisionPrediction(float, float, float)
 .text._ZN18BallBeamController26setVisionAbCorrectionLimitEf
                0x0800e4e4       0x44 CMakeFiles/26H_Remake.dir/UserLib/BallBeamController.cpp.obj
                0x0800e4e4                BallBeamController::setVisionAbCorrectionLimit(float)
 .text._ZN18BallBeamController23setAngleCommandDeadbandEf
                0x0800e528       0x44 CMakeFiles/26H_Remake.dir/UserLib/BallBeamController.cpp.obj
                0x0800e528                BallBeamController::setAngleCommandDeadband(float)
 .text._ZN18BallBeamController15updateVisionRawERK13VisionFrame_t
                0x0800e56c       0x74 CMakeFiles/26H_Remake.dir/UserLib/BallBeamController.cpp.obj
                0x0800e56c                BallBeamController::updateVisionRaw(VisionFrame_t const&)
 .text._ZN18BallBeamController23resetBallStateEstimatorEfm
                0x0800e5e0       0xbc CMakeFiles/26H_Remake.dir/UserLib/BallBeamController.cpp.obj
                0x0800e5e0                BallBeamController::resetBallStateEstimator(float, unsigned long)
 .text._ZN18BallBeamController26resetVisionVelocityHistoryEfm
                0x0800e69c       0x32 CMakeFiles/26H_Remake.dir/UserLib/BallBeamController.cpp.obj
                0x0800e69c                BallBeamController::resetVisionVelocityHistory(float, unsigned long)
 *fill*         0x0800e6ce        0x2 
 .text._ZN18BallBeamController23pushVisionVelocityPointEfm
                0x0800e6d0       0x78 CMakeFiles/26H_Remake.dir/UserLib/BallBeamController.cpp.obj
                0x0800e6d0                BallBeamController::pushVisionVelocityPoint(float, unsigned long)
 .text._ZN18BallBeamController27updateRawVisionDiffVelocityEfm
                0x0800e748       0xcc CMakeFiles/26H_Remake.dir/UserLib/BallBeamController.cpp.obj
                0x0800e748                BallBeamController::updateRawVisionDiffVelocity(float, unsigned long)
 .text._ZN18BallBeamController18predictBallStateToEm
                0x0800e814       0xc8 CMakeFiles/26H_Remake.dir/UserLib/BallBeamController.cpp.obj
                0x0800e814                BallBeamController::predictBallStateTo(unsigned long)
 .text._ZSt3maxImERKT_S2_S2_
                0x0800e8dc       0x28 CMakeFiles/26H_Remake.dir/UserLib/BallBeamController.cpp.obj
                0x0800e8dc                unsigned long const& std::max<unsigned long>(unsigned long const&, unsigned long const&)
 .text._ZN18BallBeamController30updateBallStateWithMeasurementEfmm
                0x0800e904      0x19c CMakeFiles/26H_Remake.dir/UserLib/BallBeamController.cpp.obj
                0x0800e904                BallBeamController::updateBallStateWithMeasurement(float, unsigned long, unsigned long)
 .text._ZNK18BallBeamController22calculateInterpolatedXEmb
                0x0800eaa0       0x26 CMakeFiles/26H_Remake.dir/UserLib/BallBeamController.cpp.obj
                0x0800eaa0                BallBeamController::calculateInterpolatedX(unsigned long, bool) const
 .text._ZNK18BallBeamController22fillPredictedBallStateEmP19BallStateEstimate_t
                0x0800eac6       0x8c CMakeFiles/26H_Remake.dir/UserLib/BallBeamController.cpp.obj
                0x0800eac6                BallBeamController::fillPredictedBallState(unsigned long, BallStateEstimate_t*) const
 .text._ZN18BallBeamController24updateBallStateEstimatorEmP19BallStateEstimate_t
                0x0800eb52      0x150 CMakeFiles/26H_Remake.dir/UserLib/BallBeamController.cpp.obj
                0x0800eb52                BallBeamController::updateBallStateEstimator(unsigned long, BallStateEstimate_t*)
 .text._ZNK18BallBeamController13isVisionFreshEm
                0x0800eca2       0x3a CMakeFiles/26H_Remake.dir/UserLib/BallBeamController.cpp.obj
                0x0800eca2                BallBeamController::isVisionFresh(unsigned long) const
 .text._ZN18BallBeamController20updateBalanceControlERK19BallStateEstimate_tm
                0x0800ecdc      0xc98 CMakeFiles/26H_Remake.dir/UserLib/BallBeamController.cpp.obj
                0x0800ecdc                BallBeamController::updateBalanceControl(BallStateEstimate_t const&, unsigned long)
 .text._ZSt3maxIlERKT_S2_S2_
                0x0800f974       0x28 CMakeFiles/26H_Remake.dir/UserLib/BallBeamController.cpp.obj
                0x0800f974                long const& std::max<long>(long const&, long const&)
 .text._ZSt3minIlERKT_S2_S2_
                0x0800f99c       0x28 CMakeFiles/26H_Remake.dir/UserLib/BallBeamController.cpp.obj
                0x0800f99c                long const& std::min<long>(long const&, long const&)
 .text._ZSt3minImERKT_S2_S2_
                0x0800f9c4       0x28 CMakeFiles/26H_Remake.dir/UserLib/BallBeamController.cpp.obj
                0x0800f9c4                unsigned long const& std::min<unsigned long>(unsigned long const&, unsigned long const&)
 .text._ZSt4fmodff
                0x0800f9ec       0x28 CMakeFiles/26H_Remake.dir/UserLib/QDMotorController.cpp.obj
                0x0800f9ec                std::fmod(float, float)
 .text._ZSt5isnanf
                0x0800fa14       0x38 CMakeFiles/26H_Remake.dir/UserLib/QDMotorController.cpp.obj
                0x0800fa14                std::isnan(float)
 .text._ZN3PID5clearEv
                0x0800fa4c       0x34 CMakeFiles/26H_Remake.dir/UserLib/QDMotorController.cpp.obj
                0x0800fa4c                PID::clear()
 .text._ZN3PID4calcEf
                0x0800fa80      0x1f2 CMakeFiles/26H_Remake.dir/UserLib/QDMotorController.cpp.obj
                0x0800fa80                PID::calc(float)
 .text._ZN17QDMotorController4wrapEfff
                0x0800fc72       0x6c CMakeFiles/26H_Remake.dir/UserLib/QDMotorController.cpp.obj
                0x0800fc72                QDMotorController::wrap(float, float, float)
 *fill*         0x0800fcde        0x2 
 .text._ZN12_GLOBAL__N_111unwrap_nearEff
                0x0800fce0       0xe0 CMakeFiles/26H_Remake.dir/UserLib/QDMotorController.cpp.obj
 .text._ZNK17QDMotorController13clamp_currentEf
                0x0800fdc0       0x3e CMakeFiles/26H_Remake.dir/UserLib/QDMotorController.cpp.obj
                0x0800fdc0                QDMotorController::clamp_current(float) const
 .text._ZNK17QDMotorController18clamp_angle_targetEf
                0x0800fdfe       0x46 CMakeFiles/26H_Remake.dir/UserLib/QDMotorController.cpp.obj
                0x0800fdfe                QDMotorController::clamp_angle_target(float) const
 .text._ZN17QDMotorController26update_ramped_angle_targetEv
                0x0800fe44       0xe2 CMakeFiles/26H_Remake.dir/UserLib/QDMotorController.cpp.obj
                0x0800fe44                QDMotorController::update_ramped_angle_target()
 .text._ZN17QDMotorController22apply_pid_output_limitEv
                0x0800ff26       0x48 CMakeFiles/26H_Remake.dir/UserLib/QDMotorController.cpp.obj
                0x0800ff26                QDMotorController::apply_pid_output_limit()
 .text._ZN17QDMotorController15update_feedbackEv
                0x0800ff6e       0x8e CMakeFiles/26H_Remake.dir/UserLib/QDMotorController.cpp.obj
                0x0800ff6e                QDMotorController::update_feedback()
 .text._ZN17QDMotorController4initEv
                0x0800fffc       0x40 CMakeFiles/26H_Remake.dir/UserLib/QDMotorController.cpp.obj
                0x0800fffc                QDMotorController::init()
 .text._ZN17QDMotorController6enableEv
                0x0801003c       0x3a CMakeFiles/26H_Remake.dir/UserLib/QDMotorController.cpp.obj
                0x0801003c                QDMotorController::enable()
 *fill*         0x08010076        0x2 
 .text._ZN17QDMotorController7disableEv
                0x08010078       0x58 CMakeFiles/26H_Remake.dir/UserLib/QDMotorController.cpp.obj
                0x08010078                QDMotorController::disable()
 .text._ZN17QDMotorController5startEv
                0x080100d0       0x22 CMakeFiles/26H_Remake.dir/UserLib/QDMotorController.cpp.obj
                0x080100d0                QDMotorController::start()
 *fill*         0x080100f2        0x2 
 .text._ZN17QDMotorController4stopEv
                0x080100f4       0x38 CMakeFiles/26H_Remake.dir/UserLib/QDMotorController.cpp.obj
                0x080100f4                QDMotorController::stop()
 .text._ZN17QDMotorController4CtrlENS_8CtrlTypeEf
                0x0801012c      0x180 CMakeFiles/26H_Remake.dir/UserLib/QDMotorController.cpp.obj
                0x0801012c                QDMotorController::Ctrl(QDMotorController::CtrlType, float)
 .text._ZN17QDMotorController8Ctrl_ISREv
                0x080102ac      0x258 CMakeFiles/26H_Remake.dir/UserLib/QDMotorController.cpp.obj
                0x080102ac                QDMotorController::Ctrl_ISR()
 .text._ZN17QDMotorController11setSpeedPIDEfff
                0x08010504       0x32 CMakeFiles/26H_Remake.dir/UserLib/QDMotorController.cpp.obj
                0x08010504                QDMotorController::setSpeedPID(float, float, float)
 .text._ZN17QDMotorController11setAnglePIDEfff